         w __deregister_frame_info
         w __register_frame_info
         w userAppExit
         w userAppInit
00000000 b _TLS_MODULE_BASE_
00000000 00000802 B __ctru_dev_utf16_buf
00000000 A __sync_synchronize
00000000 a shift
00000000 a shift
00000804 00000401 B __ctru_dev_path_buf
00100000 A __start__
00100000 T _start
00100008 T __service_ptr
0010000c T __apt_appid
00100010 T __heap_size
00100014 T __linear_heap_size
00100018 T __system_arglist
0010001c T __system_runflags
00100020 t startup
00100058 t ClearMem
0010006c t ClrLoop
00100094 T _init
001000ac t .udivsi3_skip_div0_test
001000ac T __aeabi_uidiv
001000ac 000001ec T __udivsi3
00100298 00000020 T __aeabi_uidivmod
001002b8 T __aeabi_idiv
001002b8 00000220 T __divsi3
001002c0 t .divsi3_skip_div0_test
001004d8 00000020 T __aeabi_idivmod
001004f8 00000004 W __aeabi_idiv0
001004f8 00000004 W __aeabi_ldiv0
001004fc T __aeabi_ldivmod
001005d0 T __aeabi_uldivmod
00100628 00000390 T strcmp
001009b0 t __do_global_dtors_aux
00100a00 t frame_dummy
00100a2c 00000058 t promptYesNo
00100a84 000000e4 t ensureDir
00100b68 00000128 t copyFile
00100c90 00000084 t removeIfExists
00100d18 000007e0 T main
001014f8 T svcControlService
00101500 000001c8 T consoleDrawChar
001016c8 00000170 T consolePrintChar
00101838 00000cc8 T con_write
00102500 000000fc t newRow
001025fc 00000180 T consoleInit
0010277c 000000cc t gfxPresentFramebuffer
00102848 0000001c T gfxIsWide
00102864 000000f8 T gfxSetScreenFormat
0010295c 00000010 T gfxSetDoubleBuffering
0010296c 000000d8 T gfxInit
00102a44 00000010 T gfxInitDefault
00102a54 000000b8 T gfxExit
00102b0c 000000a0 T gfxGetFramebuffer
00102bac 00000100 T gfxFlushBuffers
00102cac 00000050 T gfxSwapBuffers
00102cfc 00000050 T gfxSwapBuffersGpu
00102d4c 00000008 t romfs_close
00102d54 000000ac t romfs_seek
00102e00 00000024 t romfs_dirreset
00102e24 000000c0 t fill_dir
00102ee4 000002ac t romfs_dirnext
00103190 00000074 t romfs_free
00103204 000000d0 t searchForFile.constprop.0
001032d4 000000d4 t searchForDir.constprop.0
001033a8 000001c0 t navigateToDir.constprop.0
00103568 00000114 t romfs_open
0010367c 0000004c t romfs_chdir
001036c8 00000068 t romfs_diropen
00103730 00000178 t romfs_stat
001038a8 00000008 t romfs_dirclose
001038b0 0000007c t romfs_fstat
0010392c 000000d0 t romfs_read
001039fc 00000294 T romfsMountFromFile
00103c90 00000098 T romfsMountFromCurrentProcess
00103d28 00000258 T romfsMountSelf
00103f80 000000a0 T romfsUnmount
00104020 00000180 t aptConvertScreenForCapture
001041a0 00000008 W aptDspSleep
001041a8 00000004 W aptDspWakeup
001041ac 00000004 W aptDspCancel
001041b0 00000138 T aptSendCommand
001042e8 00000044 t aptExitProcess
0010432c 00000394 T aptExit
001046c0 000000d8 T aptHandleSleep
00104798 0000001c T aptSetMessageCallback
001047b4 00000084 T APT_SleepIfShellClosed
00104838 00000078 T aptSetSleepAllowed
001048b0 00000084 T APT_UnlockTransition
00104938 00000470 t aptEventHandler
00104da8 000000bc T APT_ReceiveParameter
00104e64 000000b0 t aptReceiveParameter.constprop.0
00104f18 00000294 t aptScreenTransfer
001051ac 000002d0 t aptWaitForWakeUp.isra.0
0010547c 00000114 T aptLaunchLibraryApplet
00105590 000000f4 T aptJumpToHomeMenu
00105684 00000058 T aptMainLoop
001056dc 00000240 T aptInit
0010591c 0000005c T APT_SendParameter
00105978 00000090 T APT_CheckNew3DS
00105a08 00000104 T fsInit
00105b0c 0000003c T fsExit
00105b48 00000068 T fsExemptFromSession
00105bb0 00000050 T fsUnexemptFromSession
00105c00 000000cc T FSUSER_OpenFile
00105ccc 000000cc T FSUSER_OpenFileDirectly
00105d98 000000b8 T FSUSER_DeleteFile
00105e50 000000f4 T FSUSER_RenameFile
00105f44 000000b8 T FSUSER_DeleteDirectory
00105ffc 000000d0 T FSUSER_CreateFile
001060cc 000000c0 T FSUSER_CreateDirectory
0010618c 000000f4 T FSUSER_RenameDirectory
00106280 000000b4 T FSUSER_OpenDirectory
00106334 00000090 T FSUSER_OpenArchive
001063c4 0000008c T FSUSER_CloseArchive
00106450 00000074 T FSUSER_GetSdmcArchiveResource
001064c4 00000064 T FSUSER_IsSdmcWritable
00106528 00000064 T FSFILE_Read
0010658c 0000006c T FSFILE_Write
001065f8 00000044 T FSFILE_GetSize
0010663c 00000028 T FSFILE_SetSize
00106664 0000003c T FSFILE_Close
001066a0 00000024 T FSFILE_Flush
001066c4 00000060 T FSDIR_Read
00106724 0000003c T FSDIR_Close
00106760 00000c70 t gspHardwareInit
001073d0 00000288 T gspInit
00107658 00000104 T gspExit
0010775c 00000010 T gspHasGpuRight
0010776c 000000a4 T gspPresentBuffer
00107810 00000050 T gspWaitForEvent
00107860 00000004 W gxCmdQueueInterrupt
00107864 00000154 t gspEventThreadMain
001079b8 00000050 T GSPGPU_FlushDataCache
00107a08 00000034 T GSPGPU_SetLcdForceBlack
00107a3c 00000084 T GSPGPU_AcquireRight
00107ac0 00000064 T GSPGPU_ReleaseRight
00107b24 0000007c T GSPGPU_ImportDisplayCaptureInfo
00107ba0 0000002c T GSPGPU_SaveVramSysArea
00107bcc 0000002c T GSPGPU_RestoreVramSysArea
00107bf8 00000024 W hidShouldUseIrrst
00107c1c 000001cc T hidInit
00107de8 000000e8 T hidExit
00107ed0 000002a0 T hidScanInput
00108170 00000010 T hidKeysDown
00108180 000001a4 T irrstInit
00108324 000000dc T irrstExit
00108400 000000b4 T irrstScanInput
001084b4 00000024 T irrstKeysHeld
001084d8 00000190 t swkbdMessageCallback
00108668 00000084 T swkbdInit
001086ec 00000040 T swkbdSetFeatures
0010872c 00000064 T swkbdSetHintText
00108790 00000088 T swkbdSetButton
00108818 000003a8 T swkbdInputText
00108bc0 000000e8 T utf16_to_utf8
00108ca8 000000c0 T utf8_to_utf16
00108d68 00000038 W __libctru_init
00108da0 0000016c W __system_initArgv
00108f0c 00000030 T __syscall_getreent
00108f3c 00000064 T __syscall_gettod_r
00108fa0 00000004 T __syscall_lock_acquire
00108fa4 00000004 T __syscall_lock_release
00108fa8 00000004 T __syscall_lock_acquire_recursive
00108fac 00000004 T __syscall_lock_release_recursive
00108fb0 00000004 T __syscall_exit
00108fb4 00000054 T initThreadVars
00109008 00000080 T __system_initSyscalls
00109088 T svcControlMemory
001090a8 T svcQueryMemory
001090d8 T svcExitProcess
001090e0 T svcCreateThread
00109100 T svcExitThread
00109108 T svcSleepThread
00109110 T svcReleaseMutex
00109118 T svcCreateEvent
0010912c T svcSignalEvent
00109134 T svcClearEvent
0010913c T svcCreateMemoryBlock
00109154 T svcMapMemoryBlock
0010915c T svcUnmapMemoryBlock
00109164 T svcCreateAddressArbiter
00109178 T svcArbitrateAddressNoTimeout
00109180 T svcCloseHandle
00109188 T svcWaitSynchronization
00109190 T svcWaitSynchronizationN
001091b8 T svcDuplicateHandle
001091cc T svcGetSystemTick
001091d4 T svcConnectToPort
001091e8 T svcSendSyncRequest
001091f0 T svcGetResourceLimit
00109204 T svcGetResourceLimitLimitValues
0010920c T svcGetResourceLimitCurrentValues
00109214 T svcBreak
0010921c T __aeabi_read_tp
00109228 W initSystem
00109278 W __ctru_exit
0010928c 00000024 t addrMapNodeComparator(rbtree_node const*, rbtree_node const*)
001092b0 00000004 t addrMapNodeDestructor(rbtree_node*)
001092b4 0000012c T linearMemAlign
001093e0 00000008 T linearAlloc
001093e8 0000005c T linearFree
00109444 00000088 T MemPool::CoalesceRight(MemBlock*)
001094cc 00000178 T MemPool::Allocate(MemChunk&, unsigned long, int)
00109644 00000118 T MemPool::Deallocate(MemChunk const&)
0010975c 00000030 T MemPool::GetFreeSpace()
0010978c 00000024 t addrMapNodeComparator(rbtree_node const*, rbtree_node const*)
001097b0 00000004 t addrMapNodeDestructor(rbtree_node*)
001097b4 00000248 T vramMemAlignAt
001099fc 0000000c T vramAlloc
00109a08 00000094 T vramFree
00109a9c 0000008c W envGetHandle
00109b28 00000050 W envDestroyHandles
00109b78 00000054 T osGetTimeRef
00109bcc 000000ec T osGetTime
00109cb8 00000034 T __ctru_speedup_config
00109cec 00000164 T srvInit
00109e50 00000064 T srvExit
00109eb4 00000060 T srvEnableNotification
00109f14 000000a0 T srvGetServiceHandleDirect
00109fb4 00000048 T srvGetServiceHandle
00109ffc 00000034 T srvSubscribe
0010a030 00000060 T srvReceiveNotification
0010a090 00000038 T srvPublishToSubscriber
0010a0c8 0000000c T __sync_init
0010a0d4 00000018 T __sync_fini
0010a0ec 00000028 T syncArbitrateAddress
0010a114 000000ac T LightLock_Lock
0010a1c0 00000040 T LightLock_Unlock
0010a200 00000054 T RecursiveLock_Lock
0010a254 00000054 T RecursiveLock_Unlock
0010a2a8 00000044 T LightEvent_Init
0010a2ec 000000b8 T LightEvent_Clear
0010a3a4 000000dc T LightEvent_Signal
0010a480 00000050 T LightEvent_TryWait
0010a4d0 000000ac T LightEvent_Wait
0010a57c 000001fc T threadCreate
0010a778 00000038 T threadFree
0010a7b0 00000024 T threadJoin
0010a7d4 00000030 T threadGetCurrent
0010a804 00000040 T threadExit
0010a844 00000020 t _thread_begin
0010a864 00000090 t mappableFindAddressWithin
0010a8f4 00000028 T mappableInit
0010a91c 0000007c T mappableAlloc
0010a998 00000004 T mappableFree
0010a99c 00000078 T ptmSysmInit
0010aa14 0000003c T ptmSysmExit
0010aa50 00000034 T PTMSYSM_ConfigureNew3DSCPU
0010aa84 0000000c T srvPmGetSessionHandle
0010aa90 00000074 T rbtree_find
0010ab04 00000010 T rbtree_init
0010ab14 00000198 t do_insert
0010acac 00000008 T rbtree_insert
0010acb4 00000310 T rbtree_remove
0010afc4 00000090 T rbtree_rotate
0010b054 00000054 T decode_utf16
0010b0a8 00000140 T decode_utf8
0010b1e8 00000054 T encode_utf16
0010b23c 000000e0 T encode_utf8
0010b320 000001e8 W __system_allocateHeaps
0010b508 00000030 W __appExit
0010b538 00000030 W __appInit
0010b568 00000090 W __libctru_exit
0010b5f8 00000024 t error_cmp
0010b61c 00000050 t archive_translate_error
0010b66c 000000c0 t archive_seek
0010b72c 00000078 t _archiveInit.part.0
0010b7a4 00000110 t archiveFindDevice.part.0
0010b8b4 00000298 t archive_utf16path
0010bb4c 00000098 t _archiveUnmountDeviceStruct.part.0
0010bbe4 00000178 t _archiveMountDevice
0010bd5c 000000f8 t archive_diropen
0010be54 000000ac t archive_fstat
0010bf00 00000074 t archive_fsync
0010bf74 00000074 t archive_close
0010bfe8 00000078 t archive_dirclose
0010c060 000000ec t sdmc_statvfs
0010c14c 000000f8 t archive_chdir
0010c244 0000008c t archive_ftruncate
0010c2d0 000000bc t archive_read
0010c38c 000000a8 t archive_unlink
0010c434 000000c0 t archive_rmdir
0010c4f4 000000d8 t archive_mkdir
0010c5cc 000001a0 t archive_stat
0010c76c 00000164 t archive_dirnext
0010c8d0 0000013c t archive_write
0010ca10 00000254 t archive_open
0010cc64 00000270 t archive_rename
0010ced4 000001c8 T archiveMountSdmc
0010d09c 00000054 T archiveUnmountAll
0010d0f0 00000060 T rbtree_node_next
0010d150 00000130 T __udivmoddi4
0010d280 000000e4 T strncat
0010d364 00000128 T memcpy
0010d48c 0000008c T strlen
0010d518 00000334 T _fread_r
0010d84c 00000038 T fread
0010d884 00000078 T bsearch
0010d8fc 00000134 T _fopen_r
0010da30 00000028 T fopen
0010da58 00000028 T memalign
0010da80 000000a0 T snprintf
0010db20 00000034 T printf
0010db54 000001ec t _strtoul_l.isra.0
0010dd40 0000003c T strtoul
0010dd7c 00000058 T remove
0010ddd4 00000140 T strchr
0010df14 000000d8 T memcmp
0010dfec 0000016c T _memalign_r
0010e158 0000000c T __errno
0010e164 00000164 T __smakebuf_r
0010e2c8 00000090 T __swhatbuf_r
0010e358 000000e4 T memset
0010e43c 0000022c T __sflush_r
0010e668 000000c4 T _fflush_r
0010e72c 00000104 T _fwrite_r
0010e830 00000038 T fwrite
0010e868 0000082c T _malloc_r
0010f094 00000114 T _malloc_trim_r
0010f1a8 00000314 T _free_r
0010f4bc 00000294 T setvbuf
0010f750 0000001c t stdio_exit_handler
0010f76c 0000005c t cleanup_stdio
0010f7c8 00000154 t global_stdio_init.part.0
0010f91c 00000138 T __sfp
0010fa54 0000005c T __sinit
0010fab0 0000000c T __sfp_lock_acquire
0010fabc 0000000c T __sfp_lock_release
0010fac8 00000084 T __libc_init_array
0010fb4c 000000d4 T strncpy
0010fc20 0000001c T _fseek_r
0010fc3c 00000040 T malloc
0010fc7c 00000020 T free
0010fc9c 000000e0 T _puts_r
0010fd7c 00000020 T puts
0010fd9c 00000044 T __sread
0010fde0 00000068 T __swrite
0010fe48 00000040 T __sseek
0010fe88 00000008 T __sclose
0010fe90 0000000c T __malloc_lock
0010fe9c 0000000c T __malloc_unlock
0010fea8 00000588 T _fseeko_r
00110430 00000148 T _fclose_r
00110578 00000020 T fclose
00110598 00000048 T time
001105e0 0000003c T fprintf
0011061c 00000004 W __call_exitprocs
00110620 00000030 T exit
00110650 000005e0 t get_arg
00110c30 0000345c T _svfprintf_r
0011408c 000000b8 T __sflags
00114144 00000028 T stat
0011416c 0000003c T __libc_fini_array
001141a8 0000003c T strnlen
001141e4 000000d8 T strncmp
001142bc 00000038 t lflush
001142f4 000001a8 T __srefill_r
001144a0 00000088 T frexp
00114528 00000070 T _fwalk_sglue
00114598 000005e0 t get_arg
00114b78 00003554 T _vfprintf_r
001180cc 000000b4 t __sbprintf
00118180 000000a0 T _wcrtomb_r
00118220 000000a4 T __ssprint_r
001182c4 000004a4 T __sfvwrite_r
00118768 00000024 T __locale_mb_cur_max
0011878c 00000030 T __sprint_r
001187bc 000001c0 t quorem
00118980 00001420 T _dtoa_r
00119da0 000000e8 T memchr
00119e88 00000028 T _wcsrtombs_r
00119eb0 00000140 T __swsetup_r
00119ff0 00000024 T _localeconv_r
0011a014 000001a8 T memmove
0011a1bc 000004f0 T _realloc_r
0011a6ac 0000012c T __ssputs_r
0011a7d8 000000f8 T __utf8_wctomb
0011a8d0 0000015c T _wcsnrtombs_l
0011aa2c 00000064 T _wcsnrtombs_r
0011aa90 0000005c T __assert_func
0011aaec 00000088 T _Balloc
0011ab74 0000001c T _Bfree
0011ab90 000000f4 T __multadd
0011ac84 00000080 T __hi0bits
0011ad04 000000f0 T __lo0bits
0011adf4 000000a4 T __i2b
0011ae98 00000230 T __multiply
0011b0c8 00000130 T __pow5mult
0011b1f8 00000138 T __lshift
0011b330 00000058 T __mcmp
0011b388 00000218 T __mdiff
0011b5a0 00000120 T __d2b
0011b6c0 00000340 T __utf8_mbtowc
0011ba00 0000003c T fiprintf
0011ba3c 00000014 T abort
0011ba50 000000d8 T _calloc_r
0011bb28 000005e0 t get_arg
0011c108 000022f8 T _vfiprintf_r
0011e400 000000b4 t __sbprintf
0011e4b4 0000009c T _raise_r
0011e550 00000020 T raise
0011e570 00000020 T _exit
0011e590 00000140 T chdir
0011e6d0 000001c8 T _concatenate_path
0011e898 0000009c T _fstat_r
0011e934 00000014 T _getpid_r
0011e948 0000002c T __getreent
0011e974 00000030 T _gettimeofday_r
0011e9a4 000000a0 T __release_handle
0011ea44 000000b0 T __alloc_handle
0011eaf4 00000058 T __get_handle
0011eb4c 00000110 T _close_r
0011ec5c 00000008 t null_write
0011ec64 00000018 T setDefaultDevice
0011ec7c 00000098 T FindDevice
0011ed14 00000024 T RemoveDevice
0011ed38 00000088 T AddDevice
0011edc0 00000020 T GetDeviceOpTab
0011ede0 00000008 T _isatty_r
0011ede8 00000014 T _kill_r
0011edfc 00000094 T _lseek_r
0011ee90 00000068 T mkdir
0011eef8 000000c0 T _open_r
0011efb8 00000094 T _read_r
0011f04c 0000007c T _rmdir_r
0011f0c8 00000020 T rmdir
0011f0e8 00000078 W _sbrk_r
0011f160 00000080 T _stat_r
0011f1e0 0000001c T __libc_lock_acquire
0011f1fc 0000001c T __libc_lock_release
0011f218 0000001c T __libc_lock_acquire_recursive
0011f234 0000001c T __libc_lock_release_recursive
0011f250 00000078 T _unlink_r
0011f2c8 00000094 T _write_r
0011f35c 00000048 T strrchr
0011f3a4 T _fini
00120f28 r .LC2
001212ac 00000080 r dotab_stdout
0012132c 00000018 r grayScale
00121344 00000006 r colorCube
0012134c 00000030 r colorTable
0012137c 00000080 r romFS_devoptab
00121418 00000008 r morton_y.2
00121420 00000008 r morton_x.3
00121428 00000008 r s_sleepWakeEvents.4
00121430 0000000c r serviceNameTable.5
00121440 00000014 r swkbdFeatures
00121454 R default_font_bin
00121c54 R default_font_bin_end
00121c54 00000030 r error_table
00121c84 00000080 r archive_devoptab
00121e2c 00000010 r zeroes.0
00121e3c 00000010 r blanks.1
00121e4c 00000101 R _ctype_
00122038 00000010 r zeroes.0
00122048 00000010 r blanks.1
00122058 0000006c R __action_table
001220c4 0000006c R __state_table
00122130 00000100 R __chclass
00122238 0000000c r p05.0
00122248 00000028 R __mprec_bigtens
00122270 000000c8 R __mprec_tens
00122424 00000010 r zeroes.0
00122434 00000010 r blanks.1
00122444 00000080 R dotab_stdnull
001224c4 R __tdata_align
001224c8 r __EH_FRAME_BEGIN__
001224c8 R __exidx_end
001224c8 R __exidx_start
00123000 00000001 d firstConsoleInit.0
00123004 00000004 D currentConsole
00123008 00000048 D defaultConsole
00123050 00000004 d aptChainloadDeliverArgSize
00123054 00000004 d kCount
00123058 00000004 d kInterval
0012305c 00000004 d kDelay
00123060 W __stacksize__
00123064 00000004 D _impure_ptr
00123068 00000200 D _impure_data
00123268 00000004 D __malloc_sbrk_base
0012326c 00000004 D __malloc_trim_threshold
00123270 00000408 D __malloc_av_
00123678 0000000c D __sglue
00123684 00000254 D __global_locale
001238d8 00000400 d _current_working_directory
00123cd8 00001000 d handles
00124cd8 0000000c d __stderr_handle
00124ce4 0000000c d __stdout_handle
00124cf0 0000000c d __stdin_handle
00124cfc 0000008c D devoptab_list
00124d88 00000004 d defaultDevice
00124d94 d _GLOBAL_OFFSET_TABLE_
00124da0 d __frame_dummy_init_array_entry
00124da0 D __init_array_start
00124da0 B __preinit_array_end
00124da0 B __preinit_array_start
00124da0 D __tdata_lma
00124da0 D __tdata_lma_end
00124da4 d __do_global_dtors_aux_fini_array_entry
00124da4 D __fini_array_start
00124da4 D __init_array_end
00124da8 D __bss_start__
00124da8 D __fini_array_end
00124da8 00000100 b token.1
00124ea8 00010000 b buf.0
00134ea8 b completed.1
00134eac b object.0
00134ec4 00000064 b escapeSeq
00134f28 00000048 B currentCopy
00134f70 00000004 b screenAlloc
00134f74 00000004 b screenFree
00134f78 00000002 b gfxIsDoubleBuf
00134f7c 00000002 b gfxCurBuf
00134f7e 00000001 b gfxIsVram
00134f7f 00000001 b gfxTopMode
00134f80 00000002 b gfxFramebufferFormats
00134f84 00000004 b gfxBottomFramebufferMaxSize
00134f88 00000004 b gfxTopFramebufferMaxSize
00134f90 00000008 b gfxBottomFramebuffers
00134f98 00000008 b gfxTopFramebuffers
00134fa0 00000004 b romfs_mount_list
00134fa4 00000004 V __romfs_path
00134fa8 00000001 b flagValue.0
00134fa9 00000001 b flagInit.1
00134fac 00000004 b serviceName.6
00134fb0 00000001 b aptChainloadFlags
00134fb1 00000001 b aptChainloadMediatype
00134fb4 00000020 b aptChainloadHmac
00134fd4 00000300 b aptChainloadDeliverArg
001352d8 00000008 b aptChainloadTid
001352e0 00001000 b aptParameters
001362e0 00000004 b aptFlags
001362e4 00000001 b aptHomeButtonState
001362e8 00000004 b aptMessageFuncData
001362ec 00000004 b aptMessageFunc
001362f0 0000000c b aptFirstHook
001362fc 00000001 b aptEventHandlerThreadQuit
00136300 00000004 b aptEventHandlerThread
00136304 00000008 b aptSleepEvent
0013630c 00000008 b aptReceiveEvent
00136314 00000008 b aptEvents
0013631c 00000004 b aptLockHandle
00136320 00000004 b aptRefCount
00136328 00000080 b fsExemptArchives
001363a8 00000004 b fsuRefCount
001363ac 00000004 b fsuHandle
001363b0 00000007 b gspEventCbOneShot
001363b8 0000001c b gspEventCbData
001363d4 0000001c b gspEventCb
001363f0 00000038 b gspEvents
00136428 00000004 b gspLastEvent
0013642c 00000001 b gspRunEvents
00136430 00000004 b gspEventThread
00136434 00000004 b gspEvent
00136438 00000001 b gspGpuRight
00136439 00000001 b gspThreadId
0013643c 00000004 b gspSharedMem
00136440 00000004 b gspSharedMemHandle
00136444 00000004 b gspRefCount
00136448 00000004 b gspGpuHandle
0013644c 00000001 b usingIrrst
00136450 00000004 b hidRefCount
00136454 00000006 b gRate
0013645c 00000006 b aVec
00136464 00000004 b cPos
00136468 00000004 b tPos
0013646c 00000004 b kRepeat
00136470 00000004 b kUp
00136474 00000004 b kDown
00136478 00000004 b kHeld
0013647c 00000004 b kOld
00136480 00000004 B hidSharedMem
00136484 00000014 B hidEvents
00136498 00000004 B hidMemHandle
0013649c 00000004 B hidHandle
001364a0 00000004 b irrstRefCount
001364a4 00000004 b csPos
001364a8 00000004 b kHeld
001364ac 00000004 B irrstSharedMem
001364b0 00000004 B irrstEvent
001364b4 00000004 B irrstMemHandle
001364b8 00000004 B irrstHandle
001364bc 00000004 b swkbdSharedMemHandle
001364c0 00000004 b swkbdSharedMem
001364c4 00000004 B __system_retAddr
001364c8 00000004 B __system_argv
001364cc 00000004 B __system_argc
001364d0 b saved_stack
001364d8 00000008 b sLinearPool
001364e0 0000000c b sAddrMap
001364f0 00000008 b sVramPoolB
001364f8 00000008 b sVramPoolA
00136500 0000000c b sAddrMap
0013650c 00000004 B __3dslink_host
00136510 00000001 V __ctru_speedup
00136514 00000004 b srvRefCount
00136518 00000004 b srvHandle
0013651c 00000004 b arbiter
00136520 00000004 b currentAddr
00136524 00000004 b maxAddr
00136528 00000004 b minAddr
0013652c 00000004 b ptmSysmRefCount
00136530 00000004 b ptmSysmHandle
00136534 00000004 b srvPmHandle
00136538 00000004 V __ctru_linear_heap_size
0013653c 00000004 V __ctru_heap_size
00136540 00000004 B __ctru_linear_heap
00136544 00000004 B __ctru_heap
00136548 000005c0 b archive_devices
00136b08 00000004 b archive_device_cwd
00136b0c 00000001 b archive_initialized
00136b10 00000028 B __malloc_current_mallinfo
00136b38 00000004 B __malloc_max_total_mem
00136b3c 00000004 B __malloc_max_sbrked_mem
00136b40 00000004 B __malloc_top_pad
00136b44 0000000c b __sfp_recursive_mutex
00136b50 00000168 B __sf
00136cb8 00000004 B __stdio_exit_handler
00136cbc 0000000c b __malloc_recursive_mutex
00136cc8 00000400 b temp_cwd
001370c8 00000004 b __hndl_lock
001370cc 00000004 B fake_heap_start
001370d0 00000004 B fake_heap_end
001370d4 00000004 b heap_start.0
001370d8 B __tls_start
00137ce0 B __bss_end__
00137ce0 A __end__
00137ce0 B __tls_end
