00000000 b _TLS_MODULE_BASE_
00000000 00000802 B __ctru_dev_utf16_buf
00000000 A __sync_synchronize
00000000 a shift
00000000 a shift
00000804 00000401 B __ctru_dev_path_buf
00100000 A __start__
00100000 T _start
00100008 T __service_ptr
0010000c T __apt_appid
00100010 T __heap_size
00100014 T __linear_heap_size
00100018 T __system_arglist
0010001c T __system_runflags
00100020 t startup
00100058 t ClearMem
0010006c t ClrLoop
00100094 T _init
001000ac t .udivsi3_skip_div0_test
001000ac T __aeabi_uidiv
001000ac 000001ec T __udivsi3
00100298 00000020 T __aeabi_uidivmod
001002b8 00000004 W __aeabi_idiv0
001002b8 00000004 W __aeabi_ldiv0
001002bc T __aeabi_drsub
001002c4 000002b0 T __aeabi_dsub
001002c4 000002b0 T __subdf3
001002c8 000002ac T __adddf3
001002c8 000002ac T __aeabi_dadd
00100574 00000024 T __aeabi_ui2d
00100574 00000024 T __floatunsidf
00100598 00000028 T __aeabi_i2d
00100598 00000028 T __floatsidf
001005c0 00000048 T __aeabi_f2d
001005c0 00000048 T __extendsfdf2
00100608 00000074 T __aeabi_ul2d
00100608 00000074 T __floatundidf
0010061c 00000060 T __aeabi_l2d
0010061c 00000060 T __floatdidf
0010067c T __aeabi_ldivmod
00100750 T __aeabi_uldivmod
001007a8 00000390 T strcmp
00100b30 T __aeabi_idiv
00100b30 00000220 T __divsi3
00100b38 t .divsi3_skip_div0_test
00100d50 00000020 T __aeabi_idivmod
00100d70 00000130 t loadExcludes
00100ea0 000000dc t aptSendRaw
00100f7c 0000006c T aptMonitorInit
00100fe8 00000070 T aptMonitorGetActiveTitleId
00101058 00000230 T aptMonitorGetCurrentState
00101288 00000018 t tls_verify_cb
001012a0 00000020 t ws_genmask_cb
001012c0 0000025c t build_activity_in_game
0010151c 000000f8 t build_presence_d
00101614 00000050 t ws_send_cb
00101664 00000050 t ws_recv_cb
001016b4 000000cc t on_ready
00101780 0000019c t loadConfigExtras
0010191c 00000050 t bio_recv
0010196c 00000050 t bio_send
001019bc 00000254 t scan_feed
00101c10 000000a0 t ws_on_frame_chunk_cb
00101cb0 00000170 t loadToken.constprop.0
00101e20 000000b0 t send_json.isra.0
00101ed0 0000009c t send_heartbeat
00101f6c 00000120 t send_identify
00102090 00000490 t ws_on_msg_cb
00102520 0000007c t ws_on_frame_start_cb
001025a0 00001308 t run_session.constprop.0
001038a8 000001f4 t gateway_thread_main
00103a9c 000001c4 T discordGatewayInit
00103c60 00000050 T discordGatewayUpdatePresence
00103cb0 00000068 T discordGatewayExit
00103d18 00000058 T discordGatewayRefreshTokenIfChanged
00103d70 0000010c t handleRequest
00103e80 000001a4 t ipcThreadMain
00104024 000000c0 T ipcServerInit
001040e4 00000004 T ipcServerPoll
001040e8 00000040 T ipcServerBroadcastState
00104128 00000054 T logInit
00104180 000000a8 T logPrintf
00104228 000000d0 T __system_allocateHeaps
001042f8 00000014 T __appInit
0010430c 00000014 T __appExit
00104320 00000204 T main
00104524 000000d8 t utf16le_to_utf8.constprop.0
001045fc 00000244 T smdhReaderExtract
00104840 00000204 T titleDbInit
00104a44 000000bc T titleDbLookup
00104b00 00000154 t extractField
00104c54 000000d4 t readWholeFile.constprop.0
00104d28 00000058 T accountBridgeInit
00104d80 0000002c T accountBridgeExit
00104dac 00000034 T accountBridgeHasAccounts
00104de0 000000f8 T accountBridgeGetToken
00104ed8 00000038 t wslay_event_frame_recv_callback
00104f10 00000038 t wslay_event_frame_send_callback
00104f48 00000028 t wslay_event_frame_genmask_callback
00104f70 00000044 t wslay_event_imsg_chunks_free.part.0
00104fb4 00000080 t wslay_event_send_ctrl_queue_pop
00105034 00000110 t wslay_event_context_free.part.0
00105144 000001e8 t wslay_event_context_init
0010532c 00000150 T wslay_event_queue_msg_ex
0010547c 00000008 T wslay_event_queue_msg
00105484 000000c8 T wslay_event_queue_close
0010554c 000000dc t wslay_event_queue_close_wrapper
00105628 0000001c T wslay_event_context_client_init
00105644 0000000c T wslay_event_context_free
00105650 00000810 T wslay_event_recv
00105e60 00000458 T wslay_event_send
001062b8 00000008 T wslay_event_set_error
001062c0 00000008 T wslay_event_want_read
001062c8 00000054 T wslay_event_want_write
0010631c 00000010 T wslay_event_get_close_sent
0010632c 00000018 T wslay_event_config_set_no_buffering
00106344 00000020 T wslay_queue_new
00106364 00000038 T wslay_queue_free
0010639c 00000054 T wslay_queue_push
001063f0 00000054 T wslay_queue_push_front
00106444 00000050 T wslay_queue_pop
00106494 00000038 T wslay_queue_top
001064cc 00000038 T wslay_queue_tail
00106504 00000010 T wslay_queue_empty
00106514 00000060 t wslay_recv
00106574 0000006c T wslay_frame_context_init
001065e0 00000004 T wslay_frame_context_free
001065e4 000003f0 T wslay_frame_send
001069d8 000003fc T wslay_frame_recv
00106dd4 00000010 T wslay_byteswap64
00106de4 0000007c t ssl_hs_is_proper_fragment
00106e60 000000d8 t ssl_check_ctr_renegotiate
00106f38 0000005c t ssl_buffering_free_slot.isra.0
00106f94 00000058 T mbedtls_ssl_set_timer
00106fec 00000aec T mbedtls_ssl_encrypt_buf
00107ad8 00000ab4 T mbedtls_ssl_decrypt_buf
0010858c 00000030 T mbedtls_ssl_flight_free
001085bc 00000120 T mbedtls_ssl_recv_flight_completed
001086dc 000000c0 T mbedtls_ssl_send_flight_completed
0010879c 00000080 T mbedtls_ssl_update_handshake_status
0010881c 00000014 T mbedtls_ssl_dtls_replay_reset
00108830 000000a4 T mbedtls_ssl_dtls_replay_check
001088d4 00000364 t ssl_parse_record_header
00108c38 000000f0 T mbedtls_ssl_dtls_replay_update
00108d28 00000064 T mbedtls_ssl_update_out_pointers
00108d8c 000001d8 T mbedtls_ssl_flush_output
00108f64 000000c4 t ssl_swap_epochs.isra.0
00109028 0000006c T mbedtls_ssl_reset_in_out_pointers
00109094 00000014 T mbedtls_ssl_get_bytes_avail
001090a8 000000b8 T mbedtls_ssl_get_record_expansion
00109160 000000a0 t ssl_get_remaining_payload_in_datagram
00109200 00000488 T mbedtls_ssl_write_record
00109688 0000052c T mbedtls_ssl_write_handshake_msg
00109bb4 000000c4 T mbedtls_ssl_write_change_cipher_spec
00109c78 00000128 T mbedtls_ssl_send_alert_message
00109da0 00000164 t ssl_write_real
00109f04 000003f8 T mbedtls_ssl_flight_transmit
0010a2fc 0000036c T mbedtls_ssl_prepare_handshake_record
0010a668 00000314 T mbedtls_ssl_handle_message_type
0010a97c 00000740 T mbedtls_ssl_fetch_input
0010b0bc 00001b2c T mbedtls_ssl_read_record
0010cbe8 000001ec T mbedtls_ssl_parse_change_cipher_spec
0010cdd4 0000067c T mbedtls_ssl_read
0010d450 000001b4 T mbedtls_ssl_write
0010d604 000000cc T mbedtls_ssl_close_notify
0010d6d0 0000003c T mbedtls_ssl_transform_free
0010d70c 000000ac T mbedtls_ssl_buffering_free
0010d7b8 00000034 T mbedtls_ssl_write_version
0010d7ec 00000040 T mbedtls_ssl_read_version
0010d82c 0000000c t ssl_cookie_write_dummy
0010d838 0000000c t ssl_cookie_check_dummy
0010d844 00000238 t tls_prf_generic
0010da7c 00000050 t tls_prf_sha256
0010dacc 00000050 t tls_prf_sha384
0010db1c 000003dc t tls1_prf
0010def8 00000148 t ssl_calc_finished_tls_sha256
0010e040 000000c4 t ssl_calc_verify_tls_sha256
0010e104 00000150 t ssl_calc_finished_tls_sha384
0010e254 000000c8 t ssl_calc_verify_tls_sha384
0010e31c 000001a8 t ssl_calc_finished_tls
0010e4c4 000000f0 t ssl_calc_verify_tls
0010e5b4 00000774 t ssl_populate_transform
0010ed28 000000bc t ssl_write_hello_request
0010ede4 0000000c t ssl_update_checksum_sha256
0010edf0 0000000c t ssl_update_checksum_sha384
0010edfc 00000034 t ssl_update_checksum_md5sha1
0010ee30 0000005c t ssl_update_checksum_start
0010ee8c 000003c0 T mbedtls_ssl_derive_keys
0010f24c 000002c0 T mbedtls_ssl_psk_derive_premaster
0010f50c 00000094 T mbedtls_ssl_resend_hello_request
0010f5a0 00000360 T mbedtls_ssl_write_certificate
0010f900 00000044 T mbedtls_ssl_optimize_checksum
0010f944 00000044 T mbedtls_ssl_reset_checksum
0010f988 000002a8 T mbedtls_ssl_write_finished
0010fc30 00000258 T mbedtls_ssl_parse_finished
0010fe88 0000000c T mbedtls_ssl_session_init
0010fe94 0000000c T mbedtls_ssl_init
0010fea0 00000008 T mbedtls_ssl_conf_authmode
0010fea8 0000000c T mbedtls_ssl_conf_verify
0010feb4 0000000c T mbedtls_ssl_conf_rng
0010fec0 00000014 T mbedtls_ssl_set_bio
0010fed4 0000000c T mbedtls_ssl_conf_ca_chain
0010fee0 0000007c T mbedtls_ssl_conf_dh_param_bin
0010ff5c 000000d4 T mbedtls_ssl_set_hostname
00110030 0000000c T mbedtls_ssl_conf_min_version
0011003c 00000028 T mbedtls_ssl_get_verify_result
00110064 00000080 T mbedtls_ssl_get_output_max_frag_len
001100e4 0000005c T mbedtls_ssl_get_current_mtu
00110140 000000dc T mbedtls_ssl_get_max_out_record_payload
0011021c 0000014c T mbedtls_ssl_handshake
00110368 000000b4 T mbedtls_ssl_handshake_free
0011041c 0000009c T mbedtls_ssl_handshake_wrapup_free_hs_transform
001104b8 000001ac T mbedtls_ssl_handshake_wrapup
00110664 000001b8 t mbedtls_ssl_free.part.0
0011081c 0000027c t ssl_handshake_init
00110a98 00000110 T mbedtls_ssl_setup
00110ba8 00000240 T mbedtls_ssl_session_reset_int
00110de8 000000fc T mbedtls_ssl_start_renegotiation
00110ee4 00000104 T mbedtls_ssl_renegotiate
00110fe8 00000044 T mbedtls_ssl_session_free
0011102c 0000000c T mbedtls_ssl_free
00111038 0000000c T mbedtls_ssl_config_init
00111044 000001ec T mbedtls_ssl_config_defaults
00111230 00000098 T mbedtls_ssl_config_free
001112c8 0000003c T mbedtls_ssl_sig_from_pk
00111304 0000001c T mbedtls_ssl_sig_from_pk_alg
00111320 00000018 T mbedtls_ssl_pk_alg_from_sig
00111338 00000028 T mbedtls_ssl_sig_hash_set_find
00111360 00000030 T mbedtls_ssl_sig_hash_set_add
00111390 0000000c T mbedtls_ssl_sig_hash_set_const_hash
0011139c 00000018 T mbedtls_ssl_md_alg_from_hash
001113b4 00000018 T mbedtls_ssl_hash_from_md_alg
001113cc 00000044 T mbedtls_ssl_check_curve
00111410 00000044 T mbedtls_ssl_check_sig_hash
00111454 00000108 T mbedtls_ssl_check_cert_usage
0011155c 000009fc T mbedtls_ssl_parse_certificate
00111f58 00000078 T mbedtls_ssl_set_calc_verify_md
00111fd0 000001e0 T mbedtls_ssl_get_key_exchange_md_ssl_tls
001121b0 00000170 T mbedtls_ssl_get_key_exchange_md_tls1_2
00112320 0000015c t mbedtls_debug_print_mpi.part.0
0011247c 00000148 t mbedtls_debug_print_ecp.part.0
001125c4 000000b0 T mbedtls_debug_print_msg
00112674 000000b8 T mbedtls_debug_print_ret
0011272c 000001ec T mbedtls_debug_print_buf
00112918 00000058 T mbedtls_debug_print_mpi
00112970 000002f4 T mbedtls_debug_print_crt
00112c64 00000110 T mbedtls_debug_printf_ecdh
00112d74 000000a0 T mbedtls_ssl_list_ciphersuites
00112e14 00000038 T mbedtls_ssl_ciphersuite_from_id
00112e4c 0000003c T mbedtls_ssl_get_ciphersuite_name
00112e88 0000003c T mbedtls_ssl_get_ciphersuite_sig_pk_alg
00112ec4 0000002c T mbedtls_ssl_get_ciphersuite_sig_alg
00112ef0 00000030 T mbedtls_ssl_ciphersuite_uses_ec
00112f20 00000018 T mbedtls_ssl_ciphersuite_uses_psk
00112f38 000000d8 t ssl_check_server_ecdh_params
00113010 00000228 t ssl_write_encrypted_pms
00113238 000000b0 t ssl_validate_ciphersuite
001132e8 0000128c t ssl_write_client_hello
00114574 00002ecc T mbedtls_ssl_handshake_client_step
00117440 00000120 t ssl_parse_client_dh_public
00117560 000021cc t ssl_parse_client_hello
0011972c 000001b4 t ssl_parse_client_psk_identity
001198e0 000002ac t ssl_parse_encrypted_pms
00119b8c 000026bc T mbedtls_ssl_handshake_server_step
0011c248 000000b8 t x509_profile_check_key
0011c300 00000178 t mbedtls_x509_crt_free.part.0
0011c478 0000012c t x509_name_cmp
0011c5a4 00000134 t x509_crt_check_cn
0011c6d8 00000804 t x509_crt_verify_restartable_ca_cb.constprop.0.isra.0
0011cedc 00000220 T mbedtls_x509_parse_subject_alt_name
0011d0fc 00000e04 t mbedtls_x509_crt_parse_der_internal
0011df00 00000024 T mbedtls_x509_crt_parse_der
0011df24 000001a4 T mbedtls_x509_crt_parse
0011e0c8 00000d34 T mbedtls_x509_crt_info
0011edfc 000000dc T mbedtls_x509_crt_verify_info
0011eed8 0000004c T mbedtls_x509_crt_check_key_usage
0011ef24 000000ac T mbedtls_x509_crt_check_extended_key_usage
0011efd0 00000004 T mbedtls_x509_crt_verify_restartable
0011efd4 0000000c T mbedtls_x509_crt_init
0011efe0 0000000c T mbedtls_x509_crt_free
0011efec 000000b4 t x509_check_time
0011f0a0 00000078 t x509_get_current_time
0011f118 0000007c T mbedtls_x509_get_serial
0011f194 00000014 T mbedtls_x509_get_alg
0011f1a8 00000340 T mbedtls_x509_get_rsassa_pss_params
0011f4e8 00000218 T mbedtls_x509_get_name
0011f700 000003ac T mbedtls_x509_get_time
0011faac 00000064 T mbedtls_x509_get_sig
0011fb10 000000d4 T mbedtls_x509_get_sig_alg
0011fbe4 00000088 T mbedtls_x509_get_ext
0011fc6c 00000218 T mbedtls_x509_dn_gets
0011fe84 00000148 T mbedtls_x509_serial_gets
0011ffcc 00000140 T mbedtls_x509_sig_alg_gets
0012010c 0000003c T mbedtls_x509_key_size_helper
00120148 00000034 T mbedtls_x509_time_is_past
0012017c 00000034 T mbedtls_x509_time_is_future
001201b0 00000064 t asn1_get_sequence_of_cb
00120214 00000108 T mbedtls_asn1_get_len
0012031c 00000114 t asn1_get_tagged_int
00120430 00000040 T mbedtls_asn1_get_tag
00120470 00000088 T mbedtls_asn1_get_bool
001204f8 0000000c T mbedtls_asn1_get_int
00120504 0000007c T mbedtls_asn1_get_mpi
00120580 000000a4 T mbedtls_asn1_get_bitstring
00120624 0000015c T mbedtls_asn1_traverse_sequence_of
00120780 00000084 T mbedtls_asn1_get_bitstring_null
00120804 00000058 T mbedtls_asn1_get_sequence_of
0012085c 00000130 T mbedtls_asn1_get_alg
0012098c 00000054 T mbedtls_asn1_get_alg_null
001209e0 000001bc T mbedtls_base64_encode
00120b9c 00000248 T mbedtls_base64_decode
00120de4 00000218 t mpi_mul_hlp
00120ffc 000000c0 t mpi_fill_random_internal
001210bc 00000014 T mbedtls_mpi_init
001210d0 00000040 T mbedtls_mpi_free
00121110 00000090 T mbedtls_mpi_grow
001211a0 000000b4 t mbedtls_mpi_resize_clear
00121254 000000cc T mbedtls_mpi_shrink
00121320 000000f4 T mbedtls_mpi_copy
00121414 00000098 T mbedtls_mpi_lset
001214ac 00000028 T mbedtls_mpi_get_bit
001214d4 00000074 T mbedtls_mpi_set_bit
00121548 00000064 T mbedtls_mpi_lsb
001215ac 00000078 T mbedtls_mpi_bitlen
00121624 00000014 T mbedtls_mpi_size
00121638 00000068 T mbedtls_mpi_read_binary_le
001216a0 000000a4 T mbedtls_mpi_read_binary
00121744 00000104 T mbedtls_mpi_write_binary_le
00121848 000000b8 T mbedtls_mpi_write_binary
00121900 000000fc T mbedtls_mpi_shift_l
001219fc 00000124 T mbedtls_mpi_shift_r
00121b20 000000c8 T mbedtls_mpi_cmp_abs
00121be8 00000104 T mbedtls_mpi_cmp_mpi
00121cec 00000038 T mbedtls_mpi_cmp_int
00121d24 00000128 T mbedtls_mpi_add_abs
00121e4c 00000188 T mbedtls_mpi_sub_abs
00121fd4 000000ac t add_sub_mpi
00122080 00000008 T mbedtls_mpi_add_mpi
00122088 00000008 T mbedtls_mpi_sub_mpi
00122090 00000038 T mbedtls_mpi_add_int
001220c8 0000003c T mbedtls_mpi_sub_int
00122104 00000200 T mbedtls_mpi_mul_mpi
00122304 000000d0 T mbedtls_mpi_mul_int
001223d4 000008c4 T mbedtls_mpi_div_mpi
00122c98 000000fc T mbedtls_mpi_mod_mpi
00122d94 000000b8 T mbedtls_mpi_mod_int
00122e4c 000000a8 t mpi_check_small_factors
00122ef4 0000003c T mbedtls_mpi_montmul_init
00122f30 00000198 T mbedtls_mpi_montmul
001230c8 0000008c T mbedtls_mpi_get_mont_r2_unsafe
00123154 00000a0c T mbedtls_mpi_exp_mod
00123b60 000006cc t mpi_miller_rabin
0012422c 0000046c T mbedtls_mpi_gcd
00124698 00000054 T mbedtls_mpi_fill_random
001246ec 000001ac T mbedtls_mpi_random
00124898 00000cb4 T mbedtls_mpi_inv_mod
0012554c 000000d0 T mbedtls_mpi_is_prime_ext
0012561c 00000038 t add_pkcs_padding
00125654 00000044 t add_one_and_zeros_padding
00125698 00000048 t add_zeros_and_len_padding
001256e0 00000020 t add_zeros_padding
00125700 00000020 t get_no_padding
00125720 000000b0 t get_zeros_and_len_padding
001257d0 000000b4 t get_pkcs_padding
00125884 000000bc t get_one_and_zeros_padding
00125940 000000f8 t mbedtls_cipher_aead_encrypt
00125a38 00000160 t mbedtls_cipher_aead_decrypt
00125b98 00000084 t get_zeros_padding
00125c1c 00000040 T mbedtls_cipher_info_from_type
00125c5c 00000064 T mbedtls_cipher_info_from_values
00125cc0 0000000c T mbedtls_cipher_init
00125ccc 00000054 T mbedtls_cipher_free
00125d20 00000074 T mbedtls_cipher_setup
00125d94 0000008c T mbedtls_cipher_setkey
00125e20 000000dc T mbedtls_cipher_set_iv
00125efc 000003dc T mbedtls_cipher_update
001262d8 00000164 T mbedtls_cipher_finish
0012643c 000000d8 T mbedtls_cipher_set_padding_mode
00126514 0000009c T mbedtls_cipher_crypt
001265b0 00000074 T mbedtls_cipher_auth_encrypt_ext
00126624 00000068 T mbedtls_cipher_auth_decrypt_ext
0012668c 00000018 t chachapoly_ctx_free
001266a4 00000024 t chachapoly_ctx_alloc
001266c8 0000002c t chachapoly_setkey_wrap
001266f4 00000018 t chacha20_ctx_free
0012670c 00000024 t chacha20_ctx_alloc
00126730 0000002c t chacha20_setkey_wrap
0012675c 0000001c t chacha20_stream_wrap
00126778 00000018 t des3_ctx_free
00126790 00000024 t des3_ctx_alloc
001267b4 00000004 t des3_set3key_dec_wrap
001267b8 00000004 t des3_set3key_enc_wrap
001267bc 00000004 t des3_crypt_cbc_wrap
001267c0 0000000c t des3_crypt_ecb_wrap
001267cc 00000004 t des3_set2key_dec_wrap
001267d0 00000004 t des3_set2key_enc_wrap
001267d4 00000018 t des_ctx_free
001267ec 00000024 t des_ctx_alloc
00126810 00000004 t des_setkey_dec_wrap
00126814 00000004 t des_setkey_enc_wrap
00126818 00000004 t des_crypt_cbc_wrap
0012681c 0000000c t des_crypt_ecb_wrap
00126828 00000018 t ccm_ctx_free
00126840 00000024 t ccm_ctx_alloc
00126864 00000014 t ccm_camellia_setkey_wrap
00126878 00000014 t ccm_aes_setkey_wrap
0012688c 00000018 t gcm_ctx_free
001268a4 00000024 t gcm_ctx_alloc
001268c8 00000014 t gcm_camellia_setkey_wrap
001268dc 00000014 t gcm_aes_setkey_wrap
001268f0 00000018 t camellia_ctx_free
00126908 00000024 t camellia_ctx_alloc
0012692c 00000004 t camellia_setkey_dec_wrap
00126930 00000004 t camellia_setkey_enc_wrap
00126934 00000004 t camellia_crypt_ctr_wrap
00126938 00000004 t camellia_crypt_cfb128_wrap
0012693c 00000004 t camellia_crypt_cbc_wrap
00126940 00000004 t camellia_crypt_ecb_wrap
00126944 00000018 t blowfish_ctx_free
0012695c 00000028 t blowfish_ctx_alloc
00126984 00000004 t blowfish_setkey_wrap
00126988 00000004 t blowfish_crypt_ctr_wrap
0012698c 00000004 t blowfish_crypt_cfb64_wrap
00126990 00000004 t blowfish_crypt_cbc_wrap
00126994 00000004 t blowfish_crypt_ecb_wrap
00126998 00000018 t arc4_ctx_free
001269b0 00000024 t arc4_ctx_alloc
001269d4 00000028 t arc4_setkey_wrap
001269fc 00000004 t arc4_crypt_stream_wrap
00126a00 00000024 t xts_aes_ctx_alloc
00126a24 00000004 t xts_aes_setkey_dec_wrap
00126a28 00000004 t xts_aes_setkey_enc_wrap
00126a2c 00000030 t aes_crypt_xts_wrap
00126a5c 00000018 t aes_ctx_free
00126a74 00000024 t aes_ctx_alloc
00126a98 00000004 t aes_setkey_dec_wrap
00126a9c 00000004 t aes_setkey_enc_wrap
00126aa0 00000004 t aes_crypt_ctr_wrap
00126aa4 00000004 t aes_crypt_ofb_wrap
00126aa8 00000004 t aes_crypt_cfb128_wrap
00126aac 00000004 t aes_crypt_cbc_wrap
00126ab0 00000004 t aes_crypt_ecb_wrap
00126ab4 0000001c t xts_aes_ctx_free
00126ad0 00000048 T mbedtls_ct_memcmp
00126b18 00000010 T mbedtls_ct_uint_mask
00126b28 00000010 T mbedtls_ct_size_mask
00126b38 00000014 T mbedtls_ct_size_mask_ge
00126b4c 00000018 T mbedtls_ct_size_bool_eq
00126b64 00000018 T mbedtls_ct_uint_if
00126b7c 00000044 T mbedtls_ct_mpi_uint_cond_assign
00126bc0 0000009c T mbedtls_ct_base64_enc_char
00126c5c 000000c0 T mbedtls_ct_base64_dec_value
00126d1c 0000008c T mbedtls_ct_memcpy_offset
00126da8 00000210 T mbedtls_ct_hmac
00126fb8 000000c0 T mbedtls_mpi_safe_cond_assign
00127078 000000dc T mbedtls_mpi_safe_cond_swap
00127154 000000c4 T mbedtls_mpi_lt_mpi_ct
00127218 00000254 T mbedtls_ct_rsaes_pkcs1_v15_unpadding
0012746c 00000274 t block_cipher_df
001276e0 000000ec t ctr_drbg_update_internal
001277cc 00000118 t mbedtls_ctr_drbg_reseed_internal
001278e4 0000002c T mbedtls_ctr_drbg_init
00127910 00000038 T mbedtls_ctr_drbg_free
00127948 000000b4 T mbedtls_ctr_drbg_seed
001279fc 0000017c T mbedtls_ctr_drbg_random_with_add
00127b78 0000001c T mbedtls_ctr_drbg_random
00127b94 0000000c T mbedtls_des_init
00127ba0 00000010 T mbedtls_des_free
00127bb0 0000000c T mbedtls_des3_init
00127bbc 00000010 T mbedtls_des3_free
00127bcc 000003b0 T mbedtls_des_setkey
00127f7c 00000090 t des3_set2key
0012800c 00000090 t des3_set3key
0012809c 00000010 T mbedtls_des_setkey_enc
001280ac 00000040 T mbedtls_des_setkey_dec
001280ec 0000002c T mbedtls_des3_set2key_enc
00128118 00000034 T mbedtls_des3_set2key_dec
0012814c 0000002c T mbedtls_des3_set3key_enc
00128178 00000034 T mbedtls_des3_set3key_dec
001281ac 00000290 T mbedtls_des_crypt_ecb
0012843c 0000012c T mbedtls_des_crypt_cbc
00128568 00000504 T mbedtls_des3_crypt_ecb
00128a6c 0000012c T mbedtls_des3_crypt_cbc
00128b98 00000060 t dhm_read_bignum
00128bf8 00000078 t dhm_check_range
00128c70 00000068 t mbedtls_dhm_free.part.0
00128cd8 00000114 t dhm_make_common
00128dec 0000000c T mbedtls_dhm_init
00128df8 00000084 T mbedtls_dhm_read_params
00128e7c 00000110 T mbedtls_dhm_make_params
00128f8c 00000054 T mbedtls_dhm_set_group
00128fe0 00000038 T mbedtls_dhm_read_public
00129018 00000080 T mbedtls_dhm_make_public
00129098 000003a0 T mbedtls_dhm_calc_secret
00129438 0000000c T mbedtls_dhm_free
00129444 00000098 t ecdh_compute_shared_restartable.constprop.0
001294dc 00000050 T mbedtls_ecdh_init
0012952c 0000001c T mbedtls_ecdh_setup
00129548 00000050 T mbedtls_ecdh_free
00129598 000000e0 T mbedtls_ecdh_make_params
00129678 00000074 T mbedtls_ecdh_read_params
001296ec 00000090 T mbedtls_ecdh_get_params
0012977c 000000a8 T mbedtls_ecdh_make_public
00129824 0000004c T mbedtls_ecdh_read_public
00129870 000000bc T mbedtls_ecdh_calc_secret
0012992c 00000004 t ecp_drbg_random
00129930 00000088 t ecp_drbg_seed
001299b8 000000fc t ecp_modp
00129ab4 00000034 t mbedtls_mpi_mul_mod
00129ae8 00000074 t ecp_safe_invert_jac
00129b5c 0000009c t ecp_select_comb
00129bf8 00000078 t mbedtls_mpi_sub_mod
00129c70 00000068 t mbedtls_mpi_shift_l_mod.constprop.0
00129cd8 000000bc t ecp_randomize_mxz
00129d94 00000140 t ecp_normalize_jac
00129ed4 00000304 t ecp_normalize_jac_many
0012a1d8 00000154 t ecp_randomize_jac
0012a32c 00000580 t ecp_double_jac
0012a8ac 0000050c t ecp_add_mixed
0012adb8 000007a8 t ecp_mul_comb.isra.0
0012b560 00000058 T mbedtls_ecp_grp_id_list
0012b5b8 00000034 T mbedtls_ecp_curve_info_from_grp_id
0012b5ec 00000030 T mbedtls_ecp_curve_info_from_tls_id
0012b61c 00000028 T mbedtls_ecp_get_type
0012b644 00000020 T mbedtls_ecp_point_init
0012b664 0000006c T mbedtls_ecp_group_init
0012b6d0 00000030 T mbedtls_ecp_keypair_init
0012b700 00000024 T mbedtls_ecp_point_free
0012b724 000000bc T mbedtls_ecp_group_free
0012b7e0 00000034 T mbedtls_ecp_keypair_free
0012b814 0000003c T mbedtls_ecp_copy
0012b850 00000008 T mbedtls_ecp_group_copy
0012b858 0000001c T mbedtls_ecp_is_zero
0012b874 00000164 T mbedtls_ecp_point_write_binary
0012b9d8 0000018c T mbedtls_ecp_point_read_binary
0012bb64 0000005c T mbedtls_ecp_tls_read_point
0012bbc0 00000060 T mbedtls_ecp_tls_write_point
0012bc20 0000008c T mbedtls_ecp_tls_read_group_id
0012bcac 0000006c T mbedtls_ecp_tls_write_group
0012bd18 00000380 T mbedtls_ecp_check_pubkey
0012c098 000000c4 T mbedtls_ecp_check_privkey
0012c15c 000007a4 T mbedtls_ecp_mul_restartable
0012c900 000001ac t mbedtls_ecp_mul_shortcuts
0012caac 000000f4 T mbedtls_ecp_muladd_restartable
0012cba0 0000010c T mbedtls_ecp_gen_privkey
0012ccac 000001a8 T mbedtls_ecp_check_pub_priv
0012ce54 00000178 t ecp_mod_p448
0012cfcc 000000fc t ecp_mod_p255
0012d0c8 000000b0 t ecp_mod_p521
0012d178 0000063c t ecp_mod_p384
0012d7b4 00000178 t ecp_mod_koblitz.constprop.0
0012d92c 00000010 t ecp_mod_p192k1
0012d93c 00000010 t ecp_mod_p224k1
0012d94c 00000010 t ecp_mod_p256k1
0012d95c 00000334 t ecp_mod_p224
0012dc90 000001d4 t ecp_mod_p192
0012de64 000004fc t ecp_mod_p256
0012e360 00000760 T mbedtls_ecp_group_load
0012eac0 00000028 T mbedtls_hardware_poll
0012eae8 000000d0 t entropy_update
0012ebb8 000000e4 t entropy_gather_internal.part.0
0012ec9c 00000198 t mbedtls_entropy_func.part.0
0012ee34 00000068 T mbedtls_entropy_init
0012ee9c 0000003c T mbedtls_entropy_free
0012eed8 00000014 T mbedtls_entropy_func
0012eeec 00000198 t gcm_mult
0012f084 0000000c T mbedtls_gcm_init
0012f090 000001e0 T mbedtls_gcm_setkey
0012f270 00000214 T mbedtls_gcm_starts
0012f484 00000180 T mbedtls_gcm_update
0012f604 00000128 T mbedtls_gcm_finish
0012f72c 00000074 T mbedtls_gcm_crypt_and_tag
0012f7a0 0000009c T mbedtls_gcm_auth_decrypt
0012f83c 00000020 T mbedtls_gcm_free
0012f85c 00000024 T mbedtls_hmac_drbg_init
0012f880 0000012c T mbedtls_hmac_drbg_update_ret
0012f9ac 0000010c t hmac_drbg_reseed_core
0012fab8 00000074 T mbedtls_hmac_drbg_seed_buf
0012fb2c 00000148 T mbedtls_hmac_drbg_random_with_add
0012fc74 0000001c T mbedtls_hmac_drbg_random
0012fc90 0000002c T mbedtls_hmac_drbg_free
0012fcbc 0000000c T mbedtls_md_list
0012fcc8 00000020 T mbedtls_md_info_from_type
0012fce8 00000014 T mbedtls_md_init
0012fcfc 000000b8 T mbedtls_md_free
0012fdb4 000000d4 T mbedtls_md_clone
0012fe88 00000144 T mbedtls_md_setup
0012ffcc 0000008c T mbedtls_md_starts
00130058 0000006c T mbedtls_md_update
001300c4 0000006c T mbedtls_md_finish
00130130 00000070 T mbedtls_md
001301a0 00000150 T mbedtls_md_hmac_starts
001302f0 00000030 T mbedtls_md_hmac_update
00130320 000000ac T mbedtls_md_hmac_finish
001303cc 00000054 T mbedtls_md_hmac_reset
00130420 0000000c T mbedtls_md_get_size
0013042c 0000000c T mbedtls_md_get_type
00130438 0000000c T mbedtls_md_get_name
00130444 0000000c T mbedtls_md5_init
00130450 00000010 T mbedtls_md5_free
00130460 00000010 T mbedtls_md5_clone
00130470 00000044 T mbedtls_md5_starts_ret
001304b4 00000b28 T mbedtls_internal_md5_process
00130fdc 00000104 t mbedtls_md5_update_ret.part.0
001310e0 00000020 T mbedtls_md5_update_ret
00131100 00000130 T mbedtls_md5_finish_ret
00131230 00000088 T mbedtls_md5_ret
001312b8 00000068 T mbedtls_oid_get_attr_short_name
00131320 00000068 T mbedtls_oid_get_x509_ext_type
00131388 00000068 T mbedtls_oid_get_extended_key_usage
001313f0 00000064 T mbedtls_oid_get_certificate_policies
00131454 00000068 T mbedtls_oid_get_sig_alg_desc
001314bc 00000074 T mbedtls_oid_get_sig_alg
00131530 00000068 T mbedtls_oid_get_pk_alg
00131598 00000068 T mbedtls_oid_get_ec_grp
00131600 00000068 T mbedtls_oid_get_md_alg
00131668 0000004c T mbedtls_oid_get_oid_by_md
001316b4 00000158 T mbedtls_oid_get_numeric_string
0013180c 00000160 t pem_pbkdf1
0013196c 0000009c t pem_des3_decrypt
00131a08 000000a0 t pem_aes_decrypt
00131aa8 00000014 T mbedtls_pem_init
00131abc 000006d4 T mbedtls_pem_read_buffer
00132190 0000003c T mbedtls_pem_free
001321cc 00000034 T mbedtls_pk_free
00132200 00000020 T mbedtls_pk_info_from_type
00132220 00000054 T mbedtls_pk_setup
00132274 00000028 T mbedtls_pk_can_do
0013229c 000000b4 T mbedtls_pk_verify_restartable
00132350 0000002c T mbedtls_pk_verify
0013237c 00000164 T mbedtls_pk_verify_ext
001324e0 000000d0 T mbedtls_pk_sign_restartable
001325b0 0000003c T mbedtls_pk_sign
001325ec 00000054 T mbedtls_pk_decrypt
00132640 00000054 T mbedtls_pk_encrypt
00132694 00000028 T mbedtls_pk_get_bitlen
001326bc 00000044 T mbedtls_pk_debug
00132700 00000028 T mbedtls_pk_get_name
00132728 00000018 T mbedtls_pk_get_type
00132740 00000014 t rsa_can_do
00132754 0000003c t rsa_debug
00132790 00000014 t eckey_can_do
001327a4 00000008 t eckey_get_bitlen
001327ac 00000020 t eckey_debug
001327cc 00000014 t eckeydh_can_do
001327e0 00000010 t ecdsa_can_do
001327f0 00000018 t rsa_free_wrap
00132808 0000002c t rsa_alloc_wrap
00132834 00000004 t rsa_check_pair_wrap
00132838 00000070 t rsa_encrypt_wrap
001328a8 00000070 t rsa_decrypt_wrap
00132918 00000054 t rsa_sign_wrap
0013296c 00000080 t rsa_verify_wrap
001329ec 00000068 t rsa_get_bitlen
00132a54 00000018 t eckey_free_wrap
00132a6c 00000024 t eckey_alloc_wrap
00132a90 00000004 t eckey_check_pair
00132a94 00000024 t ecdsa_alloc_wrap
00132ab8 00000018 t ecdsa_free_wrap
00132ad0 00000004 t ecdsa_sign_wrap
00132ad4 00000084 t eckey_sign_wrap
00132b58 00000038 t ecdsa_verify_wrap
00132b90 0000007c t eckey_verify_wrap
00132c0c 00000154 t pk_get_rsapubkey
00132d60 0000009c t pk_get_pk_alg
00132dfc 000004ac t pk_use_ecparams
001332a8 000001dc T mbedtls_pk_parse_subpubkey
00133484 0000001c T mbedtls_platform_zeroize
001334a0 00000060 T mbedtls_platform_gmtime_r
00133500 0000000c T mbedtls_ripemd160_init
0013350c 00000010 T mbedtls_ripemd160_free
0013351c 00000010 T mbedtls_ripemd160_clone
0013352c 00000050 T mbedtls_ripemd160_starts_ret
0013357c 00001e5c T mbedtls_internal_ripemd160_process
001353d8 00000104 t mbedtls_ripemd160_update_ret.part.0
001354dc 00000020 T mbedtls_ripemd160_update_ret
001354fc 00000114 T mbedtls_ripemd160_finish_ret
00135610 00000094 T mbedtls_ripemd160_ret
001356a4 00000118 t mgf_mask
001357bc 000001cc t rsa_rsassa_pkcs1_v15_encode
00135988 00000074 t mbedtls_rsa_free.part.0
001359fc 00000130 t rsa_check_context.isra.0
00135b2c 000000d4 T mbedtls_rsa_import_raw
00135c00 0000028c T mbedtls_rsa_complete
00135e8c 00000160 T mbedtls_rsa_export
00135fec 00000028 T mbedtls_rsa_init
00136014 00000008 T mbedtls_rsa_get_len
0013601c 0000007c T mbedtls_rsa_check_pubkey
00136098 000000a4 T mbedtls_rsa_check_privkey
0013613c 0000005c T mbedtls_rsa_check_pub_priv
00136198 000000f4 T mbedtls_rsa_public
0013628c 000008e0 T mbedtls_rsa_private
00136b6c 000002b4 t rsa_rsassa_pss_sign
00136e20 00000238 T mbedtls_rsa_rsaes_oaep_encrypt
00137058 000001c8 T mbedtls_rsa_rsaes_pkcs1_v15_encrypt
00137220 00000060 T mbedtls_rsa_pkcs1_encrypt
00137280 00000260 T mbedtls_rsa_rsaes_oaep_decrypt
001374e0 000000d4 T mbedtls_rsa_rsaes_pkcs1_v15_decrypt
001375b4 0000006c T mbedtls_rsa_pkcs1_decrypt
00137620 000001b4 T mbedtls_rsa_rsassa_pkcs1_v15_sign
001377d4 00000068 T mbedtls_rsa_pkcs1_sign
0013783c 000002a8 T mbedtls_rsa_rsassa_pss_verify_ext
00137ae4 00000170 T mbedtls_rsa_rsassa_pkcs1_v15_verify
00137c54 00000080 T mbedtls_rsa_pkcs1_verify
00137cd4 0000000c T mbedtls_rsa_free
00137ce0 00000308 T mbedtls_rsa_deduce_primes
00137fe8 00000134 T mbedtls_rsa_deduce_private_exponent
0013811c 000001c0 T mbedtls_rsa_validate_crt
001382dc 000002f4 T mbedtls_rsa_validate_params
001385d0 000000d0 T mbedtls_rsa_deduce_crt
001386a0 0000000c T mbedtls_sha1_init
001386ac 00000010 T mbedtls_sha1_free
001386bc 00000010 T mbedtls_sha1_clone
001386cc 00000050 T mbedtls_sha1_starts_ret
0013871c 00001368 T mbedtls_internal_sha1_process
00139a84 00000104 t mbedtls_sha1_update_ret.part.0
00139b88 00000020 T mbedtls_sha1_update_ret
00139ba8 0000015c T mbedtls_sha1_finish_ret
00139d08 00000094 T mbedtls_sha1_ret
00139d9c 0000000c T mbedtls_sha256_init
00139da8 00000010 T mbedtls_sha256_free
00139db8 00000010 T mbedtls_sha256_clone
00139dc8 000000c8 T mbedtls_sha256_starts_ret
00139e90 000009c0 T mbedtls_internal_sha256_process
0013a850 00000104 t mbedtls_sha256_update_ret.part.0
0013a954 00000020 T mbedtls_sha256_update_ret
0013a974 000001d4 T mbedtls_sha256_finish_ret
0013ab48 00000120 T mbedtls_sha256_ret
0013ac68 0000000c T mbedtls_sha512_init
0013ac74 00000010 T mbedtls_sha512_free
0013ac84 00000010 T mbedtls_sha512_clone
0013ac98 00000110 T mbedtls_sha512_starts_ret
0013ada8 00000d08 T mbedtls_internal_sha512_process
0013bab0 00000110 t mbedtls_sha512_update_ret.part.0
0013bbc0 00000020 T mbedtls_sha512_update_ret
0013bbe0 0000034c T mbedtls_sha512_finish_ret
0013bf30 00000178 T mbedtls_sha512_ret
0013c0a8 00000348 t aes_gen_tables
0013c3f0 00000058 t mbedtls_gf128mul_x_ble
0013c448 0000000c T mbedtls_aes_init
0013c454 00000010 T mbedtls_aes_free
0013c464 00000028 T mbedtls_aes_xts_init
0013c48c 00000024 T mbedtls_aes_xts_free
0013c4b0 000002d4 T mbedtls_aes_setkey_enc
0013c784 00000190 T mbedtls_aes_setkey_dec
0013c914 0000005c T mbedtls_aes_xts_setkey_enc
0013c970 0000005c T mbedtls_aes_xts_setkey_dec
0013c9cc 000004fc T mbedtls_internal_aes_encrypt
0013cec8 00000500 T mbedtls_internal_aes_decrypt
0013d3c8 0000002c T mbedtls_aes_crypt_ecb
0013d3f4 00000154 T mbedtls_aes_crypt_cbc
0013d548 00000224 T mbedtls_aes_crypt_xts
0013d76c 000000e0 T mbedtls_aes_crypt_cfb128
0013d84c 00000084 T mbedtls_aes_crypt_ofb
0013d8d0 000000ac T mbedtls_aes_crypt_ctr
0013d97c 0000000c T mbedtls_arc4_init
0013d988 00000010 T mbedtls_arc4_free
0013d998 00000088 T mbedtls_arc4_setup
0013da20 00000078 T mbedtls_arc4_crypt
0013da98 00000098 t blowfish_enc
0013db30 00000010 T mbedtls_blowfish_init
0013db40 00000014 T mbedtls_blowfish_free
0013db54 000001a0 T mbedtls_blowfish_setkey
0013dcf4 000000e0 T mbedtls_blowfish_crypt_ecb
0013ddd4 0000012c T mbedtls_blowfish_crypt_cbc
0013df00 000000e8 T mbedtls_blowfish_crypt_cfb64
0013dfe8 000000b0 T mbedtls_blowfish_crypt_ctr
0013e098 000000c8 t camellia_feistel
0013e160 0000000c T mbedtls_camellia_init
0013e16c 00000010 T mbedtls_camellia_free
0013e17c 0000066c T mbedtls_camellia_setkey_enc
0013e7e8 0000011c T mbedtls_camellia_setkey_dec
0013e904 00000178 T mbedtls_camellia_crypt_ecb
0013ea7c 0000014c T mbedtls_camellia_crypt_cbc
0013ebc8 000000e8 T mbedtls_camellia_crypt_cfb128
0013ecb0 000000b0 T mbedtls_camellia_crypt_ctr
0013ed60 000004cc t ccm_auth_crypt
0013f22c 0000000c T mbedtls_ccm_init
0013f238 00000070 T mbedtls_ccm_setkey
0013f2a8 00000020 T mbedtls_ccm_free
0013f2c8 00000064 T mbedtls_ccm_encrypt_and_tag
0013f32c 0000009c T mbedtls_ccm_auth_decrypt
0013f3c8 000003b8 t chacha20_block
0013f780 00000028 T mbedtls_chacha20_init
0013f7a8 00000010 T mbedtls_chacha20_free
0013f7b8 00000080 T mbedtls_chacha20_setkey
0013f838 00000044 T mbedtls_chacha20_starts
0013f87c 000001a8 T mbedtls_chacha20_update
0013fa24 00000034 T mbedtls_chachapoly_init
0013fa58 00000038 T mbedtls_chachapoly_free
0013fa90 00000004 T mbedtls_chachapoly_setkey
0013fa94 0000009c T mbedtls_chachapoly_starts
0013fb30 0000010c T mbedtls_chachapoly_update
0013fc3c 0000010c T mbedtls_chachapoly_finish
0013fd48 000000a0 T mbedtls_chachapoly_encrypt_and_tag
0013fde8 000000d0 T mbedtls_chachapoly_auth_decrypt
0013feb8 0000009c t derive_mpi
0013ff54 00000258 t ecdsa_sign_restartable.part.0
001401ac 00000200 t ecdsa_verify_restartable.isra.0
001403ac 00000208 t ecdsa_sign_det_restartable.isra.0
001405b4 00000128 T mbedtls_ecdsa_write_signature_restartable
001406dc 0000003c T mbedtls_ecdsa_write_signature
00140718 00000100 T mbedtls_ecdsa_read_signature_restartable
00140818 00000024 T mbedtls_ecdsa_read_signature
0014083c 0000005c T mbedtls_ecdsa_from_keypair
00140898 00000004 T mbedtls_ecdsa_init
0014089c 0000000c T mbedtls_ecdsa_free
001408a8 00000228 t poly1305_process
00140ad0 00000008 T mbedtls_poly1305_init
00140ad8 00000010 T mbedtls_poly1305_free
00140ae8 0000008c T mbedtls_poly1305_starts
00140b74 000000dc T mbedtls_poly1305_update
00140c50 00000134 T mbedtls_poly1305_finish
00140d84 00000188 T mbedtls_asn1_write_len
00140f0c 00000024 T mbedtls_asn1_write_tag
00140f30 000000e0 T mbedtls_asn1_write_mpi
00141010 000000ac t dump_indent
001410bc 00000018 t dump_to_strbuffer
001410d4 0000000c t compare_keys
001410e0 00000300 t dump_string
001413e0 00000700 t do_dump
00141ae0 0000007c T json_dump_callback
00141b5c 0000006c T json_dumps
00141bc8 000001d0 t hashlittle
00141d98 00000074 t hashtable_do_clear
00141e0c 0000007c T hashtable_init
00141e88 00000018 T hashtable_close
00141ea0 000002d4 T hashtable_set
00142174 000000a4 T hashtable_get
00142218 00000174 T hashtable_del
0014238c 00000018 T hashtable_iter
001423a4 00000018 T hashtable_iter_next
001423bc 00000008 T hashtable_iter_key
001423c4 00000008 T hashtable_iter_value
001423cc 00000118 T json_object_seed
001424e4 00000020 t string_get
00142504 00000024 t buffer_get
00142528 00000128 t error_set
00142650 000000b8 t stream_unget
00142708 00000098 t decode_unicode_escape
001427a0 00000190 t stream_get.part.0
00142930 00000b38 t lex_scan.isra.0
00143468 00000484 t parse_value
001438ec 00000100 t parse_json
001439ec 000000ec T json_loads
00143ad8 000000f4 T json_loadb
00143bcc 00000018 T jsonp_malloc
00143be4 00000018 T jsonp_free
00143bfc 00000048 T jsonp_strdup
00143c44 0000004c T jsonp_strndup
00143c90 00000058 t set_error
00143ce8 00000130 t next_token
00143e18 0000033c t read_string
00144154 000000e8 t pack_object_inter
00144240 00000768 t pack
001449a8 0000016c T json_vpack_ex
00144b14 00000034 T json_pack
00144b48 0000003c T strbuffer_init
00144b84 0000002c T strbuffer_close
00144bb0 00000014 T strbuffer_clear
00144bc4 00000008 T strbuffer_value
00144bcc 00000014 T strbuffer_steal_value
00144be0 000000c0 T strbuffer_append_bytes
00144ca0 00000024 T strbuffer_append_byte
00144cc4 00000028 T strbuffer_pop
00144cf0 000000fc T jsonp_strtod
00144dec 00000150 T jsonp_dtostr
00144f3c 000000f8 T utf8_encode
00145034 0000006c T utf8_check_first
001450a0 000000d8 T utf8_check_full
00145178 000000c0 T utf8_iterate
00145238 000000b8 T utf8_check_string
001452f0 0000005c T jsonp_loop_check
0014534c 00000068 T json_object
001453b4 0000001c T json_object_size
001453d0 00000028 T json_object_get
001453f8 00000024 T json_object_iter
0014541c 00000034 T json_object_iter_next
00145450 0000000c T json_object_iter_key
0014545c 0000000c T json_object_iter_value
00145468 00000060 T json_array
001454c8 0000001c T json_array_size
001454e4 00000034 T json_array_get
00145518 0000006c T json_stringn_nocheck
00145584 00000058 T jsonp_stringn_nocheck_own
001455dc 00000084 T json_string
00145660 0000001c T json_string_value
0014567c 0000001c T json_string_length
00145698 00000038 T json_integer
001456d0 00000028 T json_integer_value
001456f8 00000070 T json_real
00145768 00000030 T json_real_value
00145798 00000058 T json_real_set
001457f0 0000000c T json_true
001457fc 0000000c T json_false
00145808 0000000c T json_null
00145814 000000d8 T json_delete
001458ec 000000b8 T json_object_set_new_nocheck
001459a4 00000090 T json_object_set_new
00145a34 0000012c T json_array_append_new
00145b60 00000074 T jsonp_error_set_source
00145bd4 0000003c T jsonp_error_init
00145c10 00000060 T jsonp_error_set
00145c70 00000048 T jsonp_error_vset
00145cb8 00000024 t error_cmp
00145cdc 00000050 t archive_translate_error
00145d2c 000000c0 t archive_seek
00145dec 00000078 t _archiveInit.part.0
00145e64 00000110 t archiveFindDevice.part.0
00145f74 00000298 t archive_utf16path
0014620c 00000098 t _archiveUnmountDeviceStruct.part.0
001462a4 00000178 t _archiveMountDevice
0014641c 000000f8 t archive_diropen
00146514 000000ac t archive_fstat
001465c0 00000074 t archive_fsync
00146634 00000074 t archive_close
001466a8 00000078 t archive_dirclose
00146720 000000ec t sdmc_statvfs
0014680c 000000f8 t archive_chdir
00146904 0000008c t archive_ftruncate
00146990 000000bc t archive_read
00146a4c 000000a8 t archive_unlink
00146af4 000000c0 t archive_rmdir
00146bb4 000000d8 t archive_mkdir
00146c8c 000001a0 t archive_stat
00146e2c 00000164 t archive_dirnext
00146f90 0000013c t archive_write
001470d0 00000254 t archive_open
00147324 00000270 t archive_rename
00147594 000001c8 T archiveMountSdmc
0014775c 00000054 T archiveUnmountAll
001477b0 00000164 T srvInit
00147914 00000064 T srvExit
00147978 000000a0 T srvGetServiceHandleDirect
00147a18 00000048 T srvGetServiceHandle
00147a60 0000000c T __sync_init
00147a6c 00000018 T __sync_fini
00147a84 0000001c T LightLock_Init
00147aa0 000000ac T LightLock_Lock
00147b4c 00000040 T LightLock_Unlock
00147b8c 00000054 T RecursiveLock_Lock
00147be0 00000054 T RecursiveLock_Unlock
00147c34 000001fc T threadCreate
00147e30 00000038 T threadFree
00147e68 00000024 T threadJoin
00147e8c 00000030 T threadGetCurrent
00147ebc 00000040 T threadExit
00147efc 00000020 t _thread_begin
00147f1c 00000028 T mappableInit
00147f44 00000090 T acInit
00147fd4 0000003c T acExit
00148010 00000038 T ACU_GetStatus
00148048 00000104 T fsInit
0014814c 0000003c T fsExit
00148188 00000068 T fsExemptFromSession
001481f0 00000050 T fsUnexemptFromSession
00148240 000000cc T FSUSER_OpenFile
0014830c 000000cc T FSUSER_OpenFileDirectly
001483d8 000000b8 T FSUSER_DeleteFile
00148490 000000f4 T FSUSER_RenameFile
00148584 000000b8 T FSUSER_DeleteDirectory
0014863c 000000d0 T FSUSER_CreateFile
0014870c 000000c0 T FSUSER_CreateDirectory
001487cc 000000f4 T FSUSER_RenameDirectory
001488c0 000000b4 T FSUSER_OpenDirectory
00148974 00000090 T FSUSER_OpenArchive
00148a04 0000008c T FSUSER_CloseArchive
00148a90 00000074 T FSUSER_GetSdmcArchiveResource
00148b04 00000064 T FSUSER_IsSdmcWritable
00148b68 00000064 T FSFILE_Read
00148bcc 0000006c T FSFILE_Write
00148c38 00000044 T FSFILE_GetSize
00148c7c 00000028 T FSFILE_SetSize
00148ca4 0000003c T FSFILE_Close
00148ce0 00000024 T FSFILE_Flush
00148d04 00000060 T FSDIR_Read
00148d64 0000003c T FSDIR_Close
00148da0 00000078 T ndmuInit
00148e18 0000005c T ndmuExit
00148e74 0000003c T NDMU_EnterExclusiveState
00148eb0 00000034 T NDMU_LeaveExclusiveState
00148ee4 000000a8 T psInit
00148f8c 0000005c T psExit
00148fe8 000000ac T PS_EncryptDecryptAes
00149094 0000000c T srvPmGetSessionHandle
001490a0 00000048 T sslcGenerateRandomData
001490e8 0000003c T _net_convert_error
00149124 00000174 T connect
00149298 0000015c T fcntl
001493f4 00000154 T gethostbyname
00149548 00000034 t soc_read
0014957c 00000034 t soc_write
001495b0 000000b0 t soc_close
00149660 00000190 T socInit
001497f0 00000088 T socExit
00149878 00000248 T poll
00149ac0 00000020 T recv
00149ae0 00000148 T socuipc_cmd7
00149c28 00000168 T socuipc_cmd8
00149d90 00000010 T soc_recvfrom
00149da0 000000a4 T recvfrom
00149e44 00000020 T send
00149e64 0000015c T socuipc_cmd9
00149fc0 00000160 T socuipc_cmda
0014a120 00000010 T soc_sendto
0014a130 000000a4 T sendto
0014a1d4 0000016c T socket
0014a340 00000140 T decode_utf8
0014a480 000000e8 T utf16_to_utf8
0014a568 000000c0 T utf8_to_utf16
0014a628 0000016c W __system_initArgv
0014a794 00000030 T __syscall_getreent
0014a7c4 00000064 T __syscall_gettod_r
0014a828 00000004 T __syscall_lock_acquire
0014a82c 00000004 T __syscall_lock_release
0014a830 00000004 T __syscall_lock_acquire_recursive
0014a834 00000004 T __syscall_lock_release_recursive
0014a838 00000004 T __syscall_exit
0014a83c 00000054 T initThreadVars
0014a890 00000080 T __system_initSyscalls
0014a910 T svcControlMemory
0014a930 T svcExitProcess
0014a938 T svcCreateThread
0014a958 T svcExitThread
0014a960 T svcSleepThread
0014a968 T svcCreateMemoryBlock
0014a980 T svcCreateAddressArbiter
0014a994 T svcArbitrateAddressNoTimeout
0014a99c T svcCloseHandle
0014a9a4 T svcWaitSynchronization
0014a9ac T svcDuplicateHandle
0014a9c0 T svcGetSystemTick
0014a9c8 T svcConnectToPort
0014a9dc T svcSendSyncRequest
0014a9e4 T svcBreak
0014a9ec T svcCreatePort
0014aa0c T svcAcceptSession
0014aa24 T svcReplyAndReceive
0014aa3c T __aeabi_read_tp
0014aa48 W initSystem
0014aa98 W __ctru_exit
0014aaac 0000008c W envGetHandle
0014ab38 00000050 W envDestroyHandles
0014ab88 00000054 T osGetTimeRef
0014abdc 000000ec T osGetTime
0014acc8 00000054 T decode_utf16
0014ad1c 00000054 T encode_utf16
0014ad70 000000e0 T encode_utf8
0014ae50 00000090 W __libctru_exit
0014aee0 00000038 W __libctru_init
0014af18 0000002c T __aeabi_d2lz
0014af18 0000002c T __fixdfdi
0014af48 00000040 T __aeabi_d2ulz
0014af48 00000040 T __fixunsdfdi
0014af88 00000130 T __udivmoddi4
0014b0b8 000000e4 T strncat
0014b19c 00000034 T ftell
0014b1d0 00000130 t critical_factorization
0014b300 0000033c t two_way_long_needle
0014b63c 00000238 T strstr
0014b874 00000128 T memcpy
0014b99c 0000005c T __assert_func
0014b9f8 0000008c T strlen
0014ba84 00000334 T _fread_r
0014bdb8 00000038 T fread
0014bdf0 00000078 T bsearch
0014be68 000000b8 T fputc
0014bf20 00000040 T open
0014bf60 00000134 T _fopen_r
0014c094 00000028 T fopen
0014c0bc 00000060 t sulp
0014c120 00001428 T _strtod_l
0014d548 00000048 T strtod
0014d590 00000020 T close
0014d5b0 0000001c T gmtime
0014d5cc 000005e0 t get_arg
0014dbb0 00003554 T _vfprintf_r
00151104 00000028 T vfprintf
0015112c 000000b4 t __sbprintf
001511e0 00000028 T memalign
00151208 00000264 t _strtoull_l.isra.0
0015146c 0000003c T strtoull
001514a8 000000a0 T _wcrtomb_r
00151548 00000028 T gettimeofday
00151570 000000f4 t rshift
00151664 000008b4 T __gethex
00151f18 000000a0 T snprintf
00151fb8 000001ec t _strtoul_l.isra.0
001521a4 0000003c T strtoul
001521e0 000000a4 T __ssprint_r
00152284 0000003c T fiprintf
001522c0 00000058 T remove
00152318 00000140 T strchr
00152458 000000d8 T memcmp
00152530 00000198 T _fgets_r
001526c8 00000030 T fgets
001526f8 00000028 T calloc
00152720 0000016c T _memalign_r
0015288c 0000000c T __errno
00152898 00000014 T abort
001528ac 00000164 T __smakebuf_r
00152a10 0000047c t _strtoll_l.isra.0
00152e8c 0000003c T strtoll
00152ec8 00000024 T __locale_mb_cur_max
00152eec 000000e4 T memset
00152fd0 000000d8 T _calloc_r
001530a8 0000022c T __sflush_r
001532d4 000000c4 T _fflush_r
00153398 00000088 T _vsnprintf_r
00153420 00000038 T vsnprintf
00153458 00000030 T __sprint_r
00153488 000008e8 T qsort
00153d70 000001c4 T _ftello_r
00153f34 000000fc T _putc_r
00154030 0000082c T _malloc_r
0015485c 000001c0 t quorem
00154a20 00001420 T _dtoa_r
00155e40 00000124 T __swbuf_r
00155f64 00000010 T getpid
00155f74 00000114 T _malloc_trim_r
00156088 00000314 T _free_r
0015639c 0000001c t stdio_exit_handler
001563b8 0000005c t cleanup_stdio
00156414 00000154 t global_stdio_init.part.0
00156568 00000138 T __sfp
001566a0 0000005c T __sinit
001566fc 0000000c T __sfp_lock_acquire
00156708 0000000c T __sfp_lock_release
00156714 0000000c T atoi
00156720 00000384 t _strtol_l.part.0
00156aa4 00000074 T strtol
00156b18 00000084 T __libc_init_array
00156b9c 000000d4 T strncpy
00156c70 0000001c T _fseek_r
00156c8c 00000034 T fseek
00156cc0 00000040 T malloc
00156d00 00000020 T free
00156d20 000000e8 T memchr
00156e08 00000028 T _wcsrtombs_r
00156e30 00000140 T __swsetup_r
00156f70 00000024 T _localeconv_r
00156f94 00000024 T localeconv
00156fb8 00000044 T __sread
00156ffc 00000068 T __swrite
00157064 00000040 T __sseek
001570a4 00000008 T __sclose
001570ac 000001a8 T memmove
00157254 0000000c T __malloc_lock
00157260 0000000c T __malloc_unlock
0015726c 00000588 T _fseeko_r
001577f4 00000148 T _fclose_r
0015793c 00000020 T fclose
0015795c 00000048 T time
001579a4 0000003c T fprintf
001579e0 00000030 T read
00157a10 00000004 W __call_exitprocs
00157a14 00000030 T exit
00157a44 000005e0 t get_arg
00158028 0000345c T _svfprintf_r
0015b484 000000b8 T __sflags
0015b53c 00000028 T stat
0015b564 0000012c T __ssputs_r
0015b690 000000f8 T __utf8_wctomb
0015b788 0000003c T __libc_fini_array
0015b7c4 0000003c T strnlen
0015b800 0000025c T gmtime_r
0015ba5c 0000002c T rewind
0015ba88 000005e0 t get_arg
0015c068 000022f8 T _vfiprintf_r
0015e360 000000b4 t __sbprintf
0015e414 000000d8 T strncmp
0015e4ec 0000015c T _wcsnrtombs_l
0015e648 00000064 T _wcsnrtombs_r
0015e6ac 00000070 T __match
0015e71c 000002a8 T __hexnan
0015e9c4 00000038 t lflush
0015e9fc 000001a8 T __srefill_r
0015eba8 00000010 T nan
0015ebb8 00000088 T frexp
0015ec40 00000088 T _Balloc
0015ecc8 0000001c T _Bfree
0015ece4 000000f4 T __multadd
0015edd8 0000010c T __s2b
0015eee4 00000080 T __hi0bits
0015ef64 000000f0 T __lo0bits
0015f054 000000a4 T __i2b
0015f0f8 00000230 T __multiply
0015f328 00000130 T __pow5mult
0015f458 00000138 T __lshift
0015f590 00000058 T __mcmp
0015f5e8 00000218 T __mdiff
0015f800 00000068 T __ulp
0015f868 000000d4 T __b2d
0015f93c 00000120 T __d2b
0015fa5c 00000078 T __ratio
0015fad4 0000008c T __copybits
0015fb60 0000005c T __any_on
0015fbbc 00000070 T _fwalk_sglue
0015fc2c 00000340 T __utf8_mbtowc
0015ff6c 000004a4 T __sfvwrite_r
00160410 0000009c T _raise_r
001604ac 00000020 T raise
001604cc 000004f0 T _realloc_r
001609bc 00000020 T _exit
001609dc 00000140 T chdir
00160b1c 000001c8 T _concatenate_path
00160ce4 0000009c T _fstat_r
00160d80 00000014 T _getpid_r
00160d94 0000002c T __getreent
00160dc0 00000030 T _gettimeofday_r
00160df0 000000a0 T __release_handle
00160e90 000000b0 T __alloc_handle
00160f40 00000058 T __get_handle
00160f98 00000110 T _close_r
001610a8 00000008 t null_write
001610b0 00000018 T setDefaultDevice
001610c8 00000098 T FindDevice
00161160 00000024 T RemoveDevice
00161184 00000088 T AddDevice
0016120c 00000020 T GetDeviceOpTab
0016122c 00000008 T _isatty_r
00161234 00000014 T _kill_r
00161248 00000094 T _lseek_r
001612dc 000000c0 T _open_r
0016139c 00000094 T _read_r
00161430 0000007c T _rmdir_r
001614ac 00000078 W _sbrk_r
00161524 00000080 T _stat_r
001615a4 0000001c T __libc_lock_acquire
001615c0 0000001c T __libc_lock_release
001615dc 0000001c T __libc_lock_acquire_recursive
001615f8 0000001c T __libc_lock_release_recursive
00161614 00000078 T _unlink_r
0016168c 00000094 T _write_r
00161720 00000048 T strrchr
00161768 T _fini
00162000 0000000c r s_aptServiceNames
00162040 0000309e r DISCORD_CA_BUNDLE
001650e0 00000014 r sizes.0
001650f4 0000000c r tryTypes.1
00165114 00000030 r NAME_LANG_ORDER
001654dc r .LC36
001654ec r .LC37
0016b944 r .LC2
0016ed44 0000001a r __func__.0
0016ed60 0000016c r utf8d
0016eecc 00000011 r __func__.0
0016eee0 00000010 r __func__.1
0016eef0 00000010 r __func__.2
0016ef2c 00000010 r CSWTCH.83
0016ef3c 00000003 r ssl_preset_suiteb_curves
0016ef40 0000000c r ssl_preset_suiteb_hashes
0016ef4c 0000000c r ssl_preset_suiteb_ciphersuites
0016ef58 00000014 r ssl_preset_default_hashes
0016ef78 00001280 r ciphersuite_definitions
001701f8 00000340 r ciphersuite_preference
00170608 000000a8 r x509_crt_verify_strings
001706b0 00000010 R mbedtls_x509_crt_profile_suiteb
001706c0 00000010 R mbedtls_x509_crt_profile_default
001706d4 000002a0 r small_prime
00170984 000001b8 R mbedtls_cipher_definitions
00170b3c 0000001c r chachapoly_info
00170b58 00000030 r chachapoly_base_info
00170b88 0000001c r chacha20_info
00170ba4 00000030 r chacha20_base_info
00170bd4 0000001c r arc4_128_info
00170bf0 00000030 r arc4_base_info
00170c20 0000001c r blowfish_ctr_info
00170c3c 0000001c r blowfish_cfb64_info
00170c58 0000001c r blowfish_cbc_info
00170c74 0000001c r blowfish_ecb_info
00170c90 00000030 r blowfish_info
00170cc0 0000001c r des_ede3_cbc_info
00170cdc 0000001c r des_ede3_ecb_info
00170cf8 00000030 r des_ede3_info
00170d28 0000001c r des_ede_cbc_info
00170d44 0000001c r des_ede_ecb_info
00170d60 00000030 r des_ede_info
00170d90 0000001c r des_cbc_info
00170dac 0000001c r des_ecb_info
00170dc8 00000030 r des_info
00170df8 0000001c r camellia_256_ccm_info
00170e14 0000001c r camellia_192_ccm_info
00170e30 0000001c r camellia_128_ccm_info
00170e4c 00000030 r ccm_camellia_info
00170e7c 0000001c r camellia_256_gcm_info
00170e98 0000001c r camellia_192_gcm_info
00170eb4 0000001c r camellia_128_gcm_info
00170ed0 00000030 r gcm_camellia_info
00170f00 0000001c r camellia_256_ctr_info
00170f1c 0000001c r camellia_192_ctr_info
00170f38 0000001c r camellia_128_ctr_info
00170f54 0000001c r camellia_256_cfb128_info
00170f70 0000001c r camellia_192_cfb128_info
00170f8c 0000001c r camellia_128_cfb128_info
00170fa8 0000001c r camellia_256_cbc_info
00170fc4 0000001c r camellia_192_cbc_info
00170fe0 0000001c r camellia_128_cbc_info
00170ffc 0000001c r camellia_256_ecb_info
00171018 0000001c r camellia_192_ecb_info
00171034 0000001c r camellia_128_ecb_info
00171050 00000030 r camellia_info
00171080 0000001c r aes_256_ccm_info
0017109c 0000001c r aes_192_ccm_info
001710b8 0000001c r aes_128_ccm_info
001710d4 00000030 r ccm_aes_info
00171104 0000001c r aes_256_gcm_info
00171120 0000001c r aes_192_gcm_info
0017113c 0000001c r aes_128_gcm_info
00171158 00000030 r gcm_aes_info
00171188 0000001c r aes_256_xts_info
001711a4 0000001c r aes_128_xts_info
001711c0 00000030 r xts_aes_info
001711f0 0000001c r aes_256_ctr_info
0017120c 0000001c r aes_192_ctr_info
00171228 0000001c r aes_128_ctr_info
00171244 0000001c r aes_256_ofb_info
00171260 0000001c r aes_192_ofb_info
0017127c 0000001c r aes_128_ofb_info
00171298 0000001c r aes_256_cfb128_info
001712b4 0000001c r aes_192_cfb128_info
001712d0 0000001c r aes_128_cfb128_info
001712ec 0000001c r aes_256_cbc_info
00171308 0000001c r aes_192_cbc_info
00171324 0000001c r aes_128_cbc_info
00171340 0000001c r aes_256_ecb_info
0017135c 0000001c r aes_192_ecb_info
00171378 0000001c r aes_128_ecb_info
00171394 00000030 r aes_info
001713c4 00000040 r RHs
00171404 00000040 r LHs
00171444 00000100 r SB8
00171544 00000100 r SB7
00171644 00000100 r SB6
00171744 00000100 r SB5
00171844 00000100 r SB4
00171944 00000100 r SB3
00171a44 00000100 r SB2
00171b44 00000100 r SB1
00171c44 0000000c r ecp_x25519_bad_point_2
00171c50 0000000c r ecp_x25519_bad_point_1
00171c5c 00000020 r x25519_bad_point_2
00171c7c 00000020 r x25519_bad_point_1
00171c9c 000000a8 r ecp_supported_curves
00171d60 00000004 r one.0
00171d64 00000008 r Rp.1
00171d6c 00000008 r Rp.2
00171d74 00000008 r Rp.3
00171d7c 0000001c r curve448_part_of_n
00171d98 00000010 r curve25519_part_of_n
00171da8 00000040 r brainpoolP512r1_n
00171de8 00000040 r brainpoolP512r1_gy
00171e28 00000040 r brainpoolP512r1_gx
00171e68 00000040 r brainpoolP512r1_b
00171ea8 00000040 r brainpoolP512r1_a
00171ee8 00000040 r brainpoolP512r1_p
00171f28 00000030 r brainpoolP384r1_n
00171f58 00000030 r brainpoolP384r1_gy
00171f88 00000030 r brainpoolP384r1_gx
00171fb8 00000030 r brainpoolP384r1_b
00171fe8 00000030 r brainpoolP384r1_a
00172018 00000030 r brainpoolP384r1_p
00172048 00000020 r brainpoolP256r1_n
00172068 00000020 r brainpoolP256r1_gy
00172088 00000020 r brainpoolP256r1_gx
001720a8 00000020 r brainpoolP256r1_b
001720c8 00000020 r brainpoolP256r1_a
001720e8 00000020 r brainpoolP256r1_p
00172108 00000020 r secp256k1_n
00172128 00000020 r secp256k1_gy
00172148 00000020 r secp256k1_gx
00172168 00000004 r secp256k1_b
0017216c 00000004 r secp256k1_a
00172170 00000020 r secp256k1_p
00172190 00000020 r secp224k1_n
001721b0 0000001c r secp224k1_gy
001721cc 0000001c r secp224k1_gx
001721e8 00000004 r secp224k1_b
001721ec 00000004 r secp224k1_a
001721f0 0000001c r secp224k1_p
0017220c 00000018 r secp192k1_n
00172224 00000018 r secp192k1_gy
0017223c 00000018 r secp192k1_gx
00172254 00000004 r secp192k1_b
00172258 00000004 r secp192k1_a
0017225c 00000018 r secp192k1_p
00172274 00000044 r secp521r1_n
001722b8 00000044 r secp521r1_gy
001722fc 00000044 r secp521r1_gx
00172340 00000044 r secp521r1_b
00172384 00000044 r secp521r1_p
001723c8 00000030 r secp384r1_n
001723f8 00000030 r secp384r1_gy
00172428 00000030 r secp384r1_gx
00172458 00000030 r secp384r1_b
00172488 00000030 r secp384r1_p
001724b8 00000020 r secp256r1_n
001724d8 00000020 r secp256r1_gy
001724f8 00000020 r secp256r1_gx
00172518 00000020 r secp256r1_b
00172538 00000020 r secp256r1_p
00172558 0000001c r secp224r1_n
00172574 0000001c r secp224r1_gy
00172590 0000001c r secp224r1_gx
001725ac 0000001c r secp224r1_b
001725c8 00000020 r secp224r1_p
001725e8 00000018 r secp192r1_n
00172600 00000018 r secp192r1_gy
00172618 00000018 r secp192r1_gx
00172630 00000018 r secp192r1_b
00172648 00000018 r secp192r1_p
00172660 00000080 r last4
00172714 0000001c r CSWTCH.2
00172730 00000020 r supported_digests
00172750 00000008 R mbedtls_sha512_info
00172758 00000008 R mbedtls_sha384_info
00172760 00000008 R mbedtls_sha256_info
00172768 00000008 R mbedtls_sha224_info
00172770 00000008 R mbedtls_sha1_info
00172778 00000008 R mbedtls_ripemd160_info
00172780 00000008 R mbedtls_md5_info
00172788 000000a0 r oid_md_alg
00172828 000000f0 r oid_ecp_grp
00172918 00000050 r oid_pk_alg
00172968 00000118 r oid_sig_alg
00172a80 00000080 r oid_ext_key_usage
00172b00 0000008c r oid_x509_ext
00172b8c 00000190 r oid_x520_attr_type
00172d1c 00000010 r CSWTCH.6
00172d2c 00000030 R mbedtls_ecdsa_info
00172d5c 00000030 R mbedtls_eckeydh_info
00172d8c 00000030 R mbedtls_eckey_info
00172dbc 00000030 R mbedtls_rsa_info
00172dec 00000004 r memset_func
00172df0 00000040 r ripemd160_padding
00172e30 00000100 r K
00172f30 00000280 r K
001731b0 00001000 r S
001741b0 00000048 r P
001741f8 00000028 r transposes
00174220 000000a0 r indexes
001742c0 00000020 r shifts
001742e0 00000100 r FSb4
001743e0 00000100 r FSb3
001744e0 00000100 r FSb2
001745e0 00000100 r FSb
001746e0 00000030 r SIGMA_CHARS
00174710 00000008 r __func__.0
00174718 00000021 r whitespace
0017473c 00000011 r __func__.0
00174750 0000000d r __func__.1
00174760 00000010 r __func__.2
00174770 00000016 r __func__.3
00174788 00000010 r __func__.4
00174798 0000000b r __func__.5
001747a4 0000000d r __func__.0
001747b4 00000030 r error_table
001747e4 00000080 r archive_devoptab
00174864 0000004d r _net_error_code_map
00174914 00000014 r fpinan.0
00174928 00000014 r fpi.1
00174940 00000028 r tinytens
00174a90 00000010 r zeroes.0
00174aa0 00000010 r blanks.1
00174ab0 0000006c R __action_table
00174b1c 0000006c R __state_table
00174b88 00000100 R __chclass
00174c88 00000100 R __hexdig
00174e7c 00000010 r zeroes.0
00174e8c 00000010 r blanks.1
00174f88 00000010 r zeroes.0
00174f98 00000010 r blanks.1
00174fa8 00000101 R _ctype_
001750ac 0000000c r p05.0
001750b8 00000028 R __mprec_bigtens
001750e0 000000c8 R __mprec_tens
001751a8 00000080 R dotab_stdnull
00175228 R __tdata_align
0017522c R __exidx_end
0017522c R __exidx_start
00176000 00000004 d s_aptServiceIdx
00176004 00000004 D __ctru_heap_size
00176008 00000004 d do_free
0017600c 00000004 d do_malloc
00176010 00000008 d the_false.1
00176018 00000008 d the_null.0
00176020 00000008 d the_true.2
00176028 00000080 d soc_devoptab
001760a8 W __stacksize__
001760ac 00000004 D _impure_ptr
001760b0 00000200 D _impure_data
001762b0 00000254 D __global_locale
00176504 00000004 D __malloc_sbrk_base
00176508 00000004 D __malloc_trim_threshold
00176510 00000408 D __malloc_av_
00176918 0000000c D __sglue
00176924 00000400 d _current_working_directory
00176d28 00001000 d handles
00177d28 0000000c d __stderr_handle
00177d34 0000000c d __stdout_handle
00177d40 0000000c d __stdin_handle
00177d4c 0000008c D devoptab_list
00177dd8 00000004 d defaultDevice
00177de4 d _GLOBAL_OFFSET_TABLE_
00177df0 D __bss_start__
00177df0 B __fini_array_end
00177df0 B __fini_array_start
00177df0 B __init_array_end
00177df0 B __init_array_start
00177df0 B __preinit_array_end
00177df0 B __preinit_array_start
00177df0 D __tdata_lma
00177df0 D __tdata_lma_end
00177df0 00000200 b s_excludes
00177ff0 00000004 b s_numExcludes
00177ff8 00000100 b s_backendUrl
001780f8 00000040 b s_appId
00178138 00000008 b s_iconTIDUploaded
00178140 00000004 b s_presenceLock
00178144 00000001 b s_presenceDirty
00178145 00000001 b s_presenceValid
00178148 00000100 b s_token
00178248 00000988 b s_gw
00178bd0 00000008 b s_lastPresenceSentAt
00178bd8 00000001 b s_threadRunning
00178bdc 00000004 b s_socBuffer
00178be0 00000004 b s_thread
00178be8 00001260 b s_presence
00179e48 00000004 b s_stateLock
00179e4c 00000001 b s_running
00179e50 00000004 b s_numSessions
00179e54 00000014 b s_handles
00179e68 00000004 b s_port
00179e6c 00000004 b s_thread
00179e70 00001260 b s_lastState
0017b0d0 00000004 b s_lock
0017c000 00000004 B __ctru_linear_heap_size
0017c008 00001260 b g_state
0017e000 00020000 b s_fallbackHeap
0019e000 000036c0 b smdh.0
001a16c0 00000004 b s_names
001a16c4 00000004 b s_entries
001a16c8 00000004 b s_count
001a16cc 00000001 b s_psInitialized
001a16d0 00000004 b debug_threshold
001a16d4 00000004 b supported_init
001a16d8 00000250 b supported_ciphersuites
001a1928 00000004 b init_done.0
001a192c 0000000e b ecp_supported_grp_id
001a193c 00000004 b aes_init_done
001a1940 00000028 b round_constants
001a1968 00000400 b RT3
001a1d68 00000400 b RT2
001a2168 00000400 b RT1
001a2568 00000400 b RT0
001a2968 00000100 b RSb
001a2a68 00000400 b FT3
001a2e68 00000400 b FT2
001a3268 00000400 b FT1
001a3668 00000400 b FT0
001a3a68 00000100 b FSb
001a3b68 00000004 B hashtable_seed
001a3b6c 00000001 b seed_initialized
001a3b70 000005c0 b archive_devices
001a4130 00000004 b archive_device_cwd
001a4134 00000001 b archive_initialized
001a4138 00000004 b srvRefCount
001a413c 00000004 b srvHandle
001a4140 00000004 b arbiter
001a4144 00000004 b currentAddr
001a4148 00000004 b maxAddr
001a414c 00000004 b minAddr
001a4150 00000004 b acRefCount
001a4154 00000004 b acHandle
001a4158 00000080 b fsExemptArchives
001a41d8 00000004 b fsuRefCount
001a41dc 00000004 b fsuHandle
001a41e0 00000004 b ndmuRefCount
001a41e4 00000004 B ndmuHandle
001a41e8 00000004 b psRefCount
001a41ec 00000004 b psHandle
001a41f0 00000004 b srvPmHandle
001a41f4 00000004 B __sslc_servhandle
001a41f8 00000004 B h_errno
001a41fc 00000004 B socMemhandle
001a4200 00000004 B SOCU_handle
001a4204 00001a88 b outbuf.0
001a5c8c 00000004 b SOC_hostent_alias
001a5c90 00000044 b SOC_hostent_results
001a5cd4 00000010 b SOC_hostent
001a5ce4 00000004 B __ctru_linear_heap
001a5ce8 00000004 B __ctru_heap
001a5cec 00000004 B __system_argv
001a5cf0 00000004 B __system_argc
001a5cf4 b saved_stack
001a5cfc 00000004 B __3dslink_host
001a5d00 00000004 B __system_retAddr
001a5d04 00000028 B __malloc_current_mallinfo
001a5d2c 00000004 B __malloc_max_total_mem
001a5d30 00000004 B __malloc_max_sbrked_mem
001a5d34 00000004 B __malloc_top_pad
001a5d38 0000000c b __sfp_recursive_mutex
001a5d48 00000168 B __sf
001a5eb0 00000004 B __stdio_exit_handler
001a5eb4 0000000c b __malloc_recursive_mutex
001a5ec0 00000400 b temp_cwd
001a62c0 00000004 b __hndl_lock
001a62c4 00000004 B fake_heap_start
001a62c8 00000004 B fake_heap_end
001a62cc 00000004 b heap_start.0
001a62d0 B __tls_start
001a6ed8 B __bss_end__
001a6ed8 A __end__
001a6ed8 B __tls_end
